###############################################################################
#
# IAR ELF Linker V7.60.2.11341/W32 for ARM                03/Mar/2017  07:44:00
# Copyright 2007-2016 IAR Systems AB.
#
#    Output file  =  E:\root\FlightControllerFreeRTOS\Debug\Exe\MPU9250.out
#    Map file     =  E:\root\FlightControllerFreeRTOS\Debug\List\MPU9250.map
#    Command line =  
#        E:\root\FlightControllerFreeRTOS\Debug\Obj\BoardDefine.o
#        E:\root\FlightControllerFreeRTOS\Debug\Obj\cc936.o
#        E:\root\FlightControllerFreeRTOS\Debug\Obj\commander.o
#        E:\root\FlightControllerFreeRTOS\Debug\Obj\ComModule.o
#        E:\root\FlightControllerFreeRTOS\Debug\Obj\controller.o
#        E:\root\FlightControllerFreeRTOS\Debug\Obj\croutine.o
#        E:\root\FlightControllerFreeRTOS\Debug\Obj\CRTP.o
#        E:\root\FlightControllerFreeRTOS\Debug\Obj\diskio.o
#        E:\root\FlightControllerFreeRTOS\Debug\Obj\EulerAngle.o
#        E:\root\FlightControllerFreeRTOS\Debug\Obj\ff.o
#        E:\root\FlightControllerFreeRTOS\Debug\Obj\filter.o
#        E:\root\FlightControllerFreeRTOS\Debug\Obj\heap_2.o
#        E:\root\FlightControllerFreeRTOS\Debug\Obj\HMC5983.o
#        E:\root\FlightControllerFreeRTOS\Debug\Obj\ICM20601.o
#        E:\root\FlightControllerFreeRTOS\Debug\Obj\IMU.o
#        E:\root\FlightControllerFreeRTOS\Debug\Obj\LedSeq.o
#        E:\root\FlightControllerFreeRTOS\Debug\Obj\list.o
#        E:\root\FlightControllerFreeRTOS\Debug\Obj\MahonyAHRS.o
#        E:\root\FlightControllerFreeRTOS\Debug\Obj\main.o
#        E:\root\FlightControllerFreeRTOS\Debug\Obj\malloc.o
#        E:\root\FlightControllerFreeRTOS\Debug\Obj\misc.o
#        E:\root\FlightControllerFreeRTOS\Debug\Obj\MPU9250.o
#        E:\root\FlightControllerFreeRTOS\Debug\Obj\nRF24L01.o
#        E:\root\FlightControllerFreeRTOS\Debug\Obj\pid.o
#        E:\root\FlightControllerFreeRTOS\Debug\Obj\pidctrl.o
#        E:\root\FlightControllerFreeRTOS\Debug\Obj\port.o
#        E:\root\FlightControllerFreeRTOS\Debug\Obj\portasm.o
#        E:\root\FlightControllerFreeRTOS\Debug\Obj\PPM_Encode.o
#        E:\root\FlightControllerFreeRTOS\Debug\Obj\queue.o
#        E:\root\FlightControllerFreeRTOS\Debug\Obj\RadioLink.o
#        E:\root\FlightControllerFreeRTOS\Debug\Obj\sdio_sd.o
#        E:\root\FlightControllerFreeRTOS\Debug\Obj\stabilizer.o
#        E:\root\FlightControllerFreeRTOS\Debug\Obj\startup_stm32f427_437xx.o
#        E:\root\FlightControllerFreeRTOS\Debug\Obj\stm32f4xx_adc.o
#        E:\root\FlightControllerFreeRTOS\Debug\Obj\stm32f4xx_can.o
#        E:\root\FlightControllerFreeRTOS\Debug\Obj\stm32f4xx_cec.o
#        E:\root\FlightControllerFreeRTOS\Debug\Obj\stm32f4xx_crc.o
#        E:\root\FlightControllerFreeRTOS\Debug\Obj\stm32f4xx_cryp.o
#        E:\root\FlightControllerFreeRTOS\Debug\Obj\stm32f4xx_cryp_aes.o
#        E:\root\FlightControllerFreeRTOS\Debug\Obj\stm32f4xx_cryp_des.o
#        E:\root\FlightControllerFreeRTOS\Debug\Obj\stm32f4xx_cryp_tdes.o
#        E:\root\FlightControllerFreeRTOS\Debug\Obj\stm32f4xx_dac.o
#        E:\root\FlightControllerFreeRTOS\Debug\Obj\stm32f4xx_dbgmcu.o
#        E:\root\FlightControllerFreeRTOS\Debug\Obj\stm32f4xx_dcmi.o
#        E:\root\FlightControllerFreeRTOS\Debug\Obj\stm32f4xx_dfsdm.o
#        E:\root\FlightControllerFreeRTOS\Debug\Obj\stm32f4xx_dma.o
#        E:\root\FlightControllerFreeRTOS\Debug\Obj\stm32f4xx_dma2d.o
#        E:\root\FlightControllerFreeRTOS\Debug\Obj\stm32f4xx_dsi.o
#        E:\root\FlightControllerFreeRTOS\Debug\Obj\stm32f4xx_exti.o
#        E:\root\FlightControllerFreeRTOS\Debug\Obj\stm32f4xx_flash.o
#        E:\root\FlightControllerFreeRTOS\Debug\Obj\stm32f4xx_flash_ramfunc.o
#        E:\root\FlightControllerFreeRTOS\Debug\Obj\stm32f4xx_fmc.o
#        E:\root\FlightControllerFreeRTOS\Debug\Obj\stm32f4xx_fmpi2c.o
#        E:\root\FlightControllerFreeRTOS\Debug\Obj\stm32f4xx_gpio.o
#        E:\root\FlightControllerFreeRTOS\Debug\Obj\stm32f4xx_hash.o
#        E:\root\FlightControllerFreeRTOS\Debug\Obj\stm32f4xx_hash_md5.o
#        E:\root\FlightControllerFreeRTOS\Debug\Obj\stm32f4xx_hash_sha1.o
#        E:\root\FlightControllerFreeRTOS\Debug\Obj\stm32f4xx_i2c.o
#        E:\root\FlightControllerFreeRTOS\Debug\Obj\stm32f4xx_it.o
#        E:\root\FlightControllerFreeRTOS\Debug\Obj\stm32f4xx_iwdg.o
#        E:\root\FlightControllerFreeRTOS\Debug\Obj\stm32f4xx_lptim.o
#        E:\root\FlightControllerFreeRTOS\Debug\Obj\stm32f4xx_ltdc.o
#        E:\root\FlightControllerFreeRTOS\Debug\Obj\stm32f4xx_pwr.o
#        E:\root\FlightControllerFreeRTOS\Debug\Obj\stm32f4xx_qspi.o
#        E:\root\FlightControllerFreeRTOS\Debug\Obj\stm32f4xx_rcc.o
#        E:\root\FlightControllerFreeRTOS\Debug\Obj\stm32f4xx_rng.o
#        E:\root\FlightControllerFreeRTOS\Debug\Obj\stm32f4xx_rtc.o
#        E:\root\FlightControllerFreeRTOS\Debug\Obj\stm32f4xx_sai.o
#        E:\root\FlightControllerFreeRTOS\Debug\Obj\stm32f4xx_sdio.o
#        E:\root\FlightControllerFreeRTOS\Debug\Obj\stm32f4xx_spdifrx.o
#        E:\root\FlightControllerFreeRTOS\Debug\Obj\stm32f4xx_spi.o
#        E:\root\FlightControllerFreeRTOS\Debug\Obj\stm32f4xx_syscfg.o
#        E:\root\FlightControllerFreeRTOS\Debug\Obj\stm32f4xx_tim.o
#        E:\root\FlightControllerFreeRTOS\Debug\Obj\stm32f4xx_usart.o
#        E:\root\FlightControllerFreeRTOS\Debug\Obj\stm32f4xx_wwdg.o
#        E:\root\FlightControllerFreeRTOS\Debug\Obj\system.o
#        E:\root\FlightControllerFreeRTOS\Debug\Obj\system_stm32f4xx.o
#        E:\root\FlightControllerFreeRTOS\Debug\Obj\tasks.o
#        E:\root\FlightControllerFreeRTOS\Debug\Obj\timers.o --redirect
#        _Printf=_PrintfFull --redirect _Scanf=_ScanfFull -o
#        E:\root\FlightControllerFreeRTOS\Debug\Exe\MPU9250.out --map
#        E:\root\FlightControllerFreeRTOS\Debug\List\MPU9250.map --config
#        "D:\Program Files (x86)\IAR Systems\Embedded Workbench
#        7.4\arm\config\linker\ST\stm32f427xI.icf" --semihosting --entry
#        __iar_program_start --vfe
#
###############################################################################

*******************************************************************************
*** RUNTIME MODEL ATTRIBUTES
***

CppFlavor                     = *
__Heap_Handler                = Basic
__SystemLibrary               = DLib
__dlib_dynamic_initialization = normal


*******************************************************************************
*** PLACEMENT SUMMARY
***

"A1":  place at 0x08000000 { ro section .intvec };
"P1":  place in [from 0x08000000 to 0x081fffff] { ro };
"P3":  place in [from 0x10000000 to 0x1000ffff] { block CSTACK, section .ccram };
"P4":  place in [from 0x20000000 to 0x2001bfff] |
                [from 0x2001c000 to 0x2001ffff] |
                [from 0x20020000 to 0x2002ffff] { rw, block HEAP };
initialize by copy { rw };

  Section            Kind        Address     Size  Object
  -------            ----        -------     ----  ------
"A1":                                       0x1ac
  .intvec            ro code  0x08000000    0x1ac  startup_stm32f427_437xx.o [1]
                            - 0x080001ac    0x1ac

"P1":                                      0x372c
  .text              ro code  0x080001ac    0xb04  tasks.o [1]
  .text              ro code  0x08000cb0    0x138  heap_2.o [1]
  .text              ro code  0x08000de8     0x66  ABImemset.o [5]
  .text              ro code  0x08000e4e     0x98  list.o [1]
  .rodata            const    0x08000ee6      0x2  heap_2.o [1]
  .text              ro code  0x08000ee8    0x254  port.o [1]
  .text              ro code  0x0800113c    0x49a  timers.o [1]
  .text              ro code  0x080015d6     0x38  main.o [1]
  CODE               ro code  0x08001610     0xa8  portasm.o [1]
  .text              ro code  0x080016b8    0x80e  queue.o [1]
  .text              ro code  0x08001ec8     0x80  misc.o [1]
  .text              ro code  0x08001f48     0xc8  system.o [1]
  .text              ro code  0x08002010     0x76  ABImemcpy_unaligned.o [5]
  .text              ro code  0x08002088    0x2a0  LedSeq.o [1]
  .text              ro code  0x08002328     0x5c  ComModule.o [1]
  .text              ro code  0x08002384     0xa8  BoardDefine.o [1]
  .text              ro code  0x0800242c    0x3a4  RadioLink.o [1]
  .text              ro code  0x080027d0    0x16c  CRTP.o [1]
  .text              ro code  0x0800293c     0xdc  commander.o [1]
  .text              ro code  0x08002a18     0x6c  stm32f4xx_rcc.o [1]
  .text              ro code  0x08002a84     0xfc  stm32f4xx_gpio.o [1]
  .text              ro code  0x08002b80    0x42c  nRF24L01.o [1]
  .text              ro code  0x08002fac     0x76  stm32f4xx_spi.o [1]
  .text              ro code  0x08003024     0x54  stm32f4xx_syscfg.o [1]
  .text              ro code  0x08003078     0xb8  stm32f4xx_exti.o [1]
  .text              ro code  0x08003130    0x180  system_stm32f4xx.o [1]
  .text              ro code  0x080032b0     0xf4  sdio_sd.o [1]
  .text              ro code  0x080033a4     0x48  stm32f4xx_sdio.o [1]
  .text              ro code  0x080033ec     0x30  stm32f4xx_dma.o [1]
  .text              ro code  0x0800341c     0x40  zero_init3.o [5]
  .text              ro code  0x0800345c     0x3a  stm32f4xx_it.o [1]
  .text              ro code  0x08003496     0x2c  copy_init3.o [5]
  .text              ro code  0x080034c4     0x28  data_init.o [5]
  .text              ro code  0x080034ec     0x22  fpinit_M.o [4]
  .iar.init_table    const    0x08003510     0x24  - Linker created -
  .text              ro code  0x08003534     0x1a  cmain.o [5]
  .text              ro code  0x0800354e      0x4  low_level_init.o [3]
  .text              ro code  0x08003552      0x4  exit.o [3]
  .text              ro code  0x08003558      0xa  cexit.o [5]
  .text              ro code  0x08003564     0x14  exit.o [6]
  .text              ro code  0x08003578     0x10  startup_stm32f427_437xx.o [1]
  .rodata            const    0x08003588      0xc  LedSeq.o [1]
  .rodata            const    0x08003594      0xc  RadioLink.o [1]
  .text              ro code  0x080035a0      0xc  cstartup_M.o [5]
  .rodata            const    0x080035ac      0x8  CRTP.o [1]
  .rodata            const    0x080035b4      0x8  CRTP.o [1]
  .rodata            const    0x080035bc      0x8  RadioLink.o [1]
  .rodata            const    0x080035c4      0x8  RadioLink.o [1]
  .rodata            const    0x080035cc      0x8  system.o [1]
  .rodata            const    0x080035d4      0x8  tasks.o [1]
  .rodata            const    0x080035dc      0x8  timers.o [1]
  .rodata            const    0x080035e4      0x8  timers.o [1]
  .rodata            const    0x080035ec      0x4  BoardDefine.o [1]
  .rodata            const    0x080035f0      0x4  BoardDefine.o [1]
  .rodata            const    0x080035f4      0x4  port.o [1]
  .text              ro code  0x080035f8      0x4  startup_stm32f427_437xx.o [1]
  .text              ro code  0x080035fc      0x4  startup_stm32f427_437xx.o [1]
  .text              ro code  0x08003600      0x4  startup_stm32f427_437xx.o [1]
  .text              ro code  0x08003604      0x4  startup_stm32f427_437xx.o [1]
  .text              ro code  0x08003608      0x4  startup_stm32f427_437xx.o [1]
  .text              ro code  0x0800360c      0x4  startup_stm32f427_437xx.o [1]
  .text              ro code  0x08003610      0x4  startup_stm32f427_437xx.o [1]
  .text              ro code  0x08003614      0x4  startup_stm32f427_437xx.o [1]
  .text              ro code  0x08003618      0x4  startup_stm32f427_437xx.o [1]
  .text              ro code  0x0800361c      0x4  startup_stm32f427_437xx.o [1]
  .text              ro code  0x08003620      0x4  startup_stm32f427_437xx.o [1]
  .text              ro code  0x08003624      0x4  startup_stm32f427_437xx.o [1]
  .text              ro code  0x08003628      0x4  startup_stm32f427_437xx.o [1]
  .text              ro code  0x0800362c      0x4  startup_stm32f427_437xx.o [1]
  .text              ro code  0x08003630      0x4  startup_stm32f427_437xx.o [1]
  .text              ro code  0x08003634      0x4  startup_stm32f427_437xx.o [1]
  .text              ro code  0x08003638      0x4  startup_stm32f427_437xx.o [1]
  .text              ro code  0x0800363c      0x4  startup_stm32f427_437xx.o [1]
  .text              ro code  0x08003640      0x4  startup_stm32f427_437xx.o [1]
  .text              ro code  0x08003644      0x4  startup_stm32f427_437xx.o [1]
  .text              ro code  0x08003648      0x4  startup_stm32f427_437xx.o [1]
  .text              ro code  0x0800364c      0x4  startup_stm32f427_437xx.o [1]
  .text              ro code  0x08003650      0x4  startup_stm32f427_437xx.o [1]
  .text              ro code  0x08003654      0x4  startup_stm32f427_437xx.o [1]
  .text              ro code  0x08003658      0x4  startup_stm32f427_437xx.o [1]
  .text              ro code  0x0800365c      0x4  startup_stm32f427_437xx.o [1]
  .text              ro code  0x08003660      0x4  startup_stm32f427_437xx.o [1]
  .text              ro code  0x08003664      0x4  startup_stm32f427_437xx.o [1]
  .text              ro code  0x08003668      0x4  startup_stm32f427_437xx.o [1]
  .text              ro code  0x0800366c      0x4  startup_stm32f427_437xx.o [1]
  .text              ro code  0x08003670      0x4  startup_stm32f427_437xx.o [1]
  .text              ro code  0x08003674      0x4  startup_stm32f427_437xx.o [1]
  .text              ro code  0x08003678      0x4  startup_stm32f427_437xx.o [1]
  .text              ro code  0x0800367c      0x4  startup_stm32f427_437xx.o [1]
  .text              ro code  0x08003680      0x4  startup_stm32f427_437xx.o [1]
  .text              ro code  0x08003684      0x4  startup_stm32f427_437xx.o [1]
  .text              ro code  0x08003688      0x4  startup_stm32f427_437xx.o [1]
  .text              ro code  0x0800368c      0x4  startup_stm32f427_437xx.o [1]
  .text              ro code  0x08003690      0x4  startup_stm32f427_437xx.o [1]
  .text              ro code  0x08003694      0x4  startup_stm32f427_437xx.o [1]
  .text              ro code  0x08003698      0x4  startup_stm32f427_437xx.o [1]
  .text              ro code  0x0800369c      0x4  startup_stm32f427_437xx.o [1]
  .text              ro code  0x080036a0      0x4  startup_stm32f427_437xx.o [1]
  .text              ro code  0x080036a4      0x4  startup_stm32f427_437xx.o [1]
  .text              ro code  0x080036a8      0x4  startup_stm32f427_437xx.o [1]
  .text              ro code  0x080036ac      0x4  startup_stm32f427_437xx.o [1]
  .text              ro code  0x080036b0      0x4  startup_stm32f427_437xx.o [1]
  .text              ro code  0x080036b4      0x4  startup_stm32f427_437xx.o [1]
  .text              ro code  0x080036b8      0x4  startup_stm32f427_437xx.o [1]
  .text              ro code  0x080036bc      0x4  startup_stm32f427_437xx.o [1]
  .text              ro code  0x080036c0      0x4  startup_stm32f427_437xx.o [1]
  .text              ro code  0x080036c4      0x4  startup_stm32f427_437xx.o [1]
  .text              ro code  0x080036c8      0x4  startup_stm32f427_437xx.o [1]
  .text              ro code  0x080036cc      0x4  startup_stm32f427_437xx.o [1]
  .text              ro code  0x080036d0      0x4  startup_stm32f427_437xx.o [1]
  .text              ro code  0x080036d4      0x4  startup_stm32f427_437xx.o [1]
  .text              ro code  0x080036d8      0x4  startup_stm32f427_437xx.o [1]
  .text              ro code  0x080036dc      0x4  startup_stm32f427_437xx.o [1]
  .text              ro code  0x080036e0      0x4  startup_stm32f427_437xx.o [1]
  .text              ro code  0x080036e4      0x4  startup_stm32f427_437xx.o [1]
  .text              ro code  0x080036e8      0x4  startup_stm32f427_437xx.o [1]
  .text              ro code  0x080036ec      0x4  startup_stm32f427_437xx.o [1]
  .text              ro code  0x080036f0      0x4  startup_stm32f427_437xx.o [1]
  .text              ro code  0x080036f4      0x4  startup_stm32f427_437xx.o [1]
  .text              ro code  0x080036f8      0x4  startup_stm32f427_437xx.o [1]
  .text              ro code  0x080036fc      0x4  startup_stm32f427_437xx.o [1]
  .text              ro code  0x08003700      0x4  startup_stm32f427_437xx.o [1]
  .text              ro code  0x08003704      0x4  startup_stm32f427_437xx.o [1]
  .text              ro code  0x08003708      0x4  startup_stm32f427_437xx.o [1]
  .text              ro code  0x0800370c      0x4  startup_stm32f427_437xx.o [1]
  .text              ro code  0x08003710      0x4  startup_stm32f427_437xx.o [1]
  .text              ro code  0x08003714      0x4  startup_stm32f427_437xx.o [1]
  .text              ro code  0x08003718      0x4  startup_stm32f427_437xx.o [1]
  .text              ro code  0x0800371c      0x4  startup_stm32f427_437xx.o [1]
  .text              ro code  0x08003720      0x4  startup_stm32f427_437xx.o [1]
  .text              ro code  0x08003724      0x4  startup_stm32f427_437xx.o [1]
  .text              ro code  0x08003728      0x4  startup_stm32f427_437xx.o [1]
  .text              ro code  0x0800372c      0x4  startup_stm32f427_437xx.o [1]
  .text              ro code  0x08003730      0x4  startup_stm32f427_437xx.o [1]
  .text              ro code  0x08003734      0x4  startup_stm32f427_437xx.o [1]
  .text              ro code  0x08003738      0x4  startup_stm32f427_437xx.o [1]
  .text              ro code  0x0800373c      0x4  startup_stm32f427_437xx.o [1]
  .text              ro code  0x08003740      0x4  startup_stm32f427_437xx.o [1]
  .text              ro code  0x08003744      0x4  startup_stm32f427_437xx.o [1]
  .text              ro code  0x08003748      0x4  startup_stm32f427_437xx.o [1]
  .rodata            const    0x0800374c      0x0  zero_init3.o [5]
  .rodata            const    0x0800374c      0x0  copy_init3.o [5]
  Initializer bytes  const    0x0800374c    0x18c  <for P4 s0>
                            - 0x080038d8   0x372c

"P3":                                      0x2000
  CSTACK                      0x10000000   0x2000  <Block>
    CSTACK           uninit   0x10000000   0x2000  <Block tail>
                            - 0x10002000   0x2000

"P4", part 1 of 2:                          0x18c
  P4 s0                       0x20000000    0x18c  <Init block>
    .data            inited   0x20000000     0x78  LedSeq.o [1]
    .data            inited   0x20000078     0x24  LedSeq.o [1]
    .data            inited   0x2000009c     0x18  LedSeq.o [1]
    .data            inited   0x200000b4     0x18  LedSeq.o [1]
    .data            inited   0x200000cc     0x18  LedSeq.o [1]
    .data            inited   0x200000e4     0x18  LedSeq.o [1]
    .data            inited   0x200000fc     0x18  LedSeq.o [1]
    .data            inited   0x20000114     0x18  LedSeq.o [1]
    .data            inited   0x2000012c     0x14  CRTP.o [1]
    .data            inited   0x20000140     0x14  RadioLink.o [1]
    .data            inited   0x20000154     0x10  LedSeq.o [1]
    .data            inited   0x20000164     0x10  LedSeq.o [1]
    .data            inited   0x20000174      0x8  BoardDefine.o [1]
    .data            inited   0x2000017c      0x4  CRTP.o [1]
    .data            inited   0x20000180      0x4  heap_2.o [1]
    .data            inited   0x20000184      0x4  port.o [1]
    .data            inited   0x20000188      0x4  system_stm32f4xx.o [1]
                            - 0x2000018c    0x18c

"P4", part 2 of 2:                        0x12ee4
  .bss               zero     0x2000018c  0x12c00  heap_2.o [1]
  .bss               zero     0x20012d8c     0x64  tasks.o [1]
  .bss               zero     0x20012df0     0x48  LedSeq.o [1]
  .bss               zero     0x20012e38     0x40  CRTP.o [1]
  .bss               zero     0x20012e78     0x40  CRTP.o [1]
  .bss               zero     0x20012eb8     0x40  queue.o [1]
  .bss               zero     0x20012ef8     0x24  RadioLink.o [1]
  .bss               zero     0x20012f1c     0x14  tasks.o [1]
  .bss               zero     0x20012f30     0x14  tasks.o [1]
  .bss               zero     0x20012f44     0x14  tasks.o [1]
  .bss               zero     0x20012f58     0x14  tasks.o [1]
  .bss               zero     0x20012f6c     0x14  tasks.o [1]
  .bss               zero     0x20012f80     0x14  timers.o [1]
  .bss               zero     0x20012f94     0x14  timers.o [1]
  .bss               zero     0x20012fa8      0xc  commander.o [1]
  .bss               zero     0x20012fb4      0x8  heap_2.o [1]
  .bss               zero     0x20012fbc      0x8  heap_2.o [1]
  .bss               zero     0x20012fc4      0x8  LedSeq.o [1]
  .bss               zero     0x20012fcc      0x8  LedSeq.o [1]
  .bss               zero     0x20012fd4      0x4  commander.o [1]
  .bss               zero     0x20012fd8      0x4  commander.o [1]
  .bss               zero     0x20012fdc      0x4  CRTP.o [1]
  .bss               zero     0x20012fe0      0x4  CRTP.o [1]
  .bss               zero     0x20012fe4      0x4  heap_2.o [1]
  .bss               zero     0x20012fe8      0x4  LedSeq.o [1]
  .bss               zero     0x20012fec      0x4  nRF24L01.o [1]
  .bss               zero     0x20012ff0      0x4  port.o [1]
  .bss               zero     0x20012ff4      0x4  RadioLink.o [1]
  .bss               zero     0x20012ff8      0x4  RadioLink.o [1]
  .bss               zero     0x20012ffc      0x4  RadioLink.o [1]
  .bss               zero     0x20013000      0x4  RadioLink.o [1]
  .bss               zero     0x20013004      0x4  RadioLink.o [1]
  .bss               zero     0x20013008      0x4  sdio_sd.o [1]
  .bss               zero     0x2001300c      0x4  sdio_sd.o [1]
  .bss               zero     0x20013010      0x4  system.o [1]
  .bss               zero     0x20013014      0x4  tasks.o [1]
  .bss               zero     0x20013018      0x4  tasks.o [1]
  .bss               zero     0x2001301c      0x4  tasks.o [1]
  .bss               zero     0x20013020      0x4  tasks.o [1]
  .bss               zero     0x20013024      0x4  tasks.o [1]
  .bss               zero     0x20013028      0x4  tasks.o [1]
  .bss               zero     0x2001302c      0x4  tasks.o [1]
  .bss               zero     0x20013030      0x4  tasks.o [1]
  .bss               zero     0x20013034      0x4  tasks.o [1]
  .bss               zero     0x20013038      0x4  tasks.o [1]
  .bss               zero     0x2001303c      0x4  tasks.o [1]
  .bss               zero     0x20013040      0x4  tasks.o [1]
  .bss               zero     0x20013044      0x4  tasks.o [1]
  .bss               zero     0x20013048      0x4  tasks.o [1]
  .bss               zero     0x2001304c      0x4  tasks.o [1]
  .bss               zero     0x20013050      0x4  timers.o [1]
  .bss               zero     0x20013054      0x4  timers.o [1]
  .bss               zero     0x20013058      0x4  timers.o [1]
  .bss               zero     0x2001305c      0x4  timers.o [1]
  .bss               zero     0x20013060      0x4  timers.o [1]
  .bss               zero     0x20013064      0x1  commander.o [1]
  .bss               zero     0x20013065      0x1  commander.o [1]
  .bss               zero     0x20013066      0x1  ComModule.o [1]
  .bss               zero     0x20013067      0x1  CRTP.o [1]
  .bss               zero     0x20013068      0x1  LedSeq.o [1]
  .bss               zero     0x20013069      0x1  port.o [1]
  .bss               zero     0x2001306a      0x1  RadioLink.o [1]
  .bss               zero     0x2001306b      0x1  RadioLink.o [1]
  .bss               zero     0x2001306c      0x1  sdio_sd.o [1]
  .bss               zero     0x2001306d      0x1  system.o [1]
                            - 0x2001306e  0x12ee2


*******************************************************************************
*** INIT TABLE
***

          Address     Size
          -------     ----
Zero (__iar_zero_init3)
    1 destination range, total size 0x12ee2:
          0x2000018c  0x12ee2

Copy (__iar_copy_init3)
    1 source range, total size 0x18c:
          0x0800374c    0x18c
    1 destination range, total size 0x18c:
          0x20000000    0x18c



*******************************************************************************
*** MODULE SUMMARY
***

    Module                     ro code  ro data  rw data
    ------                     -------  -------  -------
E:\root\FlightControllerFreeRTOS\Debug\Obj: [1]
    BoardDefine.o                  168       16        8
    CRTP.o                         364       40      161
    ComModule.o                     92                 1
    LedSeq.o                       672      344      425
    RadioLink.o                    932       48       78
    commander.o                    220                22
    heap_2.o                       312        6   76 824
    list.o                         152
    main.o                          56
    misc.o                         128
    nRF24L01.o                   1 068                 4
    port.o                         596        8        9
    portasm.o                      168
    queue.o                      2 062                64
    sdio_sd.o                      244                 9
    startup_stm32f427_437xx.o      784
    stm32f4xx_dma.o                 48
    stm32f4xx_exti.o               184
    stm32f4xx_gpio.o               252
    stm32f4xx_it.o                  58
    stm32f4xx_rcc.o                108
    stm32f4xx_sdio.o                72
    stm32f4xx_spi.o                118
    stm32f4xx_syscfg.o              84
    system.o                       200        8        5
    system_stm32f4xx.o             384        4        4
    tasks.o                      2 820        8      260
    timers.o                     1 178       16       60
    ----------------------------------------------------
    Total:                      13 524      498   77 934

command line: [2]
    ----------------------------------------------------
    Total:

dl7M_tlf.a: [3]
    exit.o                           4
    low_level_init.o                 4
    ----------------------------------------------------
    Total:                           8

m7M_tls.a: [4]
    fpinit_M.o                      34
    ----------------------------------------------------
    Total:                          34

rt7M_tl.a: [5]
    ABImemcpy_unaligned.o          118
    ABImemset.o                    102
    cexit.o                         10
    cmain.o                         26
    copy_init3.o                    44
    cstartup_M.o                    12
    data_init.o                     40
    zero_init3.o                    64
    ----------------------------------------------------
    Total:                         416

shb_l.a: [6]
    exit.o                          20
    ----------------------------------------------------
    Total:                          20

    Gaps                            14        2
    Linker created                           36    8 192
--------------------------------------------------------
    Grand Total:                14 016      536   86 126


*******************************************************************************
*** ENTRY LIST
***

Entry                      Address     Size  Type      Object
-----                      -------     ----  ----      ------
.iar.init_table$$Base   0x08003510            --   Gb  - Linker created -
.iar.init_table$$Limit  0x08003534            --   Gb  - Linker created -
?main                   0x08003535           Code  Gb  cmain.o [5]
BusFault_Handler        0x08003463      0x2  Code  Gb  stm32f4xx_it.o [1]
CSTACK$$Base            0x10000000            --   Gb  - Linker created -
CSTACK$$Limit           0x10002000            --   Gb  - Linker created -
ComModuleInit           0x08002329     0x26  Code  Gb  ComModule.o [1]
ComModuleTest           0x0800234f     0x32  Code  Gb  ComModule.o [1]
DMA2_Stream3_IRQHandler
                        0x0800348f      0x8  Code  Gb  stm32f4xx_it.o [1]
DMAEndOfTransfer        0x2001300c      0x4  Data  Gb  sdio_sd.o [1]
DMA_ClearFlag           0x080033ed     0x20  Code  Gb  stm32f4xx_dma.o [1]
DebugMon_Handler        0x08003467      0x2  Code  Gb  stm32f4xx_it.o [1]
EXTI15_10_IRQHandler    0x0800346b     0x1c  Code  Gb  stm32f4xx_it.o [1]
EXTI_ClearITPendingBit  0x08003115      0x6  Code  Gb  stm32f4xx_exti.o [1]
EXTI_GetITStatus        0x080030ff     0x16  Code  Gb  stm32f4xx_exti.o [1]
EXTI_Init               0x08003079     0x86  Code  Gb  stm32f4xx_exti.o [1]
GPIO_CLK                0x080035f0      0x4  Data  Gb  BoardDefine.o [1]
GPIO_Init               0x08002a85     0xa4  Code  Gb  stm32f4xx_gpio.o [1]
GPIO_PIN                0x080035ec      0x4  Data  Gb  BoardDefine.o [1]
GPIO_PORT               0x20000174      0x8  Data  Gb  BoardDefine.o [1]
GPIO_PinAFConfig        0x08002b31     0x50  Code  Gb  stm32f4xx_gpio.o [1]
GPIO_ResetBits          0x08002b2d      0x4  Code  Gb  stm32f4xx_gpio.o [1]
GPIO_SetBits            0x08002b29      0x4  Code  Gb  stm32f4xx_gpio.o [1]
GetPrio                 0x080022a9     0x1e  Code  Lc  LedSeq.o [1]
HardFault_Handler       0x0800345f      0x2  Code  Gb  stm32f4xx_it.o [1]
LastPacketTick          0x20013000      0x4  Data  Lc  RadioLink.o [1]
LedseqInit              0x08002089     0x98  Code  Gb  LedSeq.o [1]
LedseqRun               0x08002127     0x62  Code  Gb  LedSeq.o [1]
LedseqSem               0x20012fe8      0x4  Data  Lc  LedSeq.o [1]
LedseqTest              0x08002121      0x6  Code  Gb  LedSeq.o [1]
MemManage_Handler       0x08003461      0x2  Code  Gb  stm32f4xx_it.o [1]
NMI_Handler             0x0800345d      0x2  Code  Gb  stm32f4xx_it.o [1]
NVIC_Init               0x08001ed3     0x60  Code  Gb  misc.o [1]
NVIC_PriorityGroupConfig
                        0x08001ec9      0xa  Code  Gb  misc.o [1]
PendSV_Handler          0x08001611           Code  Gb  portasm.o [1]
RCC_AHB1PeriphClockCmd  0x08002a19     0x20  Code  Gb  stm32f4xx_rcc.o [1]
RCC_APB1PeriphClockCmd  0x08002a39     0x20  Code  Gb  stm32f4xx_rcc.o [1]
RCC_APB2PeriphClockCmd  0x08002a59     0x20  Code  Gb  stm32f4xx_rcc.o [1]
RadioTask               0x080024b7     0xa6  Code  Lc  RadioLink.o [1]
Region$$Table$$Base     0x08003510            --   Gb  - Linker created -
Region$$Table$$Limit    0x08003534            --   Gb  - Linker created -
RunLedseq               0x08002189    0x120  Code  Lc  LedSeq.o [1]
SDIO_ClearITPendingBit  0x080033db      0x6  Code  Gb  stm32f4xx_sdio.o [1]
SDIO_GetITStatus        0x080033c5     0x16  Code  Gb  stm32f4xx_sdio.o [1]
SDIO_IRQHandler         0x08003487      0x8  Code  Gb  stm32f4xx_it.o [1]
SDIO_ITConfig           0x080033a5     0x20  Code  Gb  stm32f4xx_sdio.o [1]
SD_ProcessDMAIRQ        0x0800336d     0x22  Code  Gb  sdio_sd.o [1]
SD_ProcessIRQSrc        0x080032b1     0xbc  Code  Gb  sdio_sd.o [1]
SPI_Cmd                 0x08002feb     0x1c  Code  Gb  stm32f4xx_spi.o [1]
SPI_I2S_GetFlagStatus   0x0800300f     0x14  Code  Gb  stm32f4xx_spi.o [1]
SPI_I2S_ReceiveData     0x08003007      0x4  Code  Gb  stm32f4xx_spi.o [1]
SPI_I2S_SendData        0x0800300b      0x4  Code  Gb  stm32f4xx_spi.o [1]
SPI_Init                0x08002fad     0x3e  Code  Gb  stm32f4xx_spi.o [1]
STM_LED_Init            0x08002385     0x60  Code  Gb  BoardDefine.o [1]
STM_LED_Set             0x080023e5     0x3c  Code  Gb  BoardDefine.o [1]
SVC_Handler             0x08001669           Code  Gb  portasm.o [1]
SYSCFG_EXTILineConfig   0x08003025     0x4e  Code  Gb  stm32f4xx_syscfg.o [1]
SetSysClock             0x08003183     0xf6  Code  Lc  system_stm32f4xx.o [1]
SpiByte_RW              0x08002b81     0x3a  Code  Lc  nRF24L01.o [1]
StartMutex              0x20013010      0x4  Data  Gb  system.o [1]
SysTick_Handler         0x08001073     0x28  Code  Gb  port.o [1]
SystemCoreClock         0x20000188      0x4  Data  Gb  system_stm32f4xx.o [1]
SystemInit              0x08003131     0x52  Code  Gb  system_stm32f4xx.o [1]
TIM1_UP_TIM10_IRQHandler
                        0x08003469      0x2  Code  Gb  stm32f4xx_it.o [1]
TransferEnd             0x20013008      0x4  Data  Gb  sdio_sd.o [1]
TransferError           0x2001306c      0x1  Data  Gb  sdio_sd.o [1]
UpdateActive            0x080022c7     0x44  Code  Lc  LedSeq.o [1]
UsageFault_Handler      0x08003465      0x2  Code  Gb  stm32f4xx_it.o [1]
__aeabi_memset          0x08000de9           Code  Gb  ABImemset.o [5]
__cmain                 0x08003535           Code  Gb  cmain.o [5]
__exit                  0x08003565     0x14  Code  Gb  exit.o [6]
__iar_Memset            0x08000de9           Code  Gb  ABImemset.o [5]
__iar_Memset_word       0x08000df1           Code  Gb  ABImemset.o [5]
__iar_copy_init3        0x08003497     0x2c  Code  Gb  copy_init3.o [5]
__iar_data_init3        0x080034c5     0x28  Code  Gb  data_init.o [5]
__iar_init_vfp          0x080034ed           Code  Gb  fpinit_M.o [4]
__iar_program_start     0x080035a1           Code  Gb  cstartup_M.o [5]
__iar_unaligned___aeabi_memcpy
                        0x08002011           Code  Gb  ABImemcpy_unaligned.o [5]
__iar_unaligned___aeabi_memcpy4
                        0x08002031           Code  Gb  ABImemcpy_unaligned.o [5]
__iar_unaligned___aeabi_memcpy8
                        0x08002031           Code  Gb  ABImemcpy_unaligned.o [5]
__iar_zero_init3        0x0800341d     0x40  Code  Gb  zero_init3.o [5]
__low_level_init        0x0800354f      0x4  Code  Gb  low_level_init.o [3]
__vector_table          0x08000000           Data  Gb  startup_stm32f427_437xx.o [1]
_call_main              0x08003541           Code  Gb  cmain.o [5]
_exit                   0x08003559           Code  Gb  cexit.o [5]
_main                   0x0800354b           Code  Gb  cmain.o [5]
activeSeq               0x20012fc4      0x8  Data  Lc  LedSeq.o [1]
altHoldMode             0x20013065      0x1  Data  Lc  commander.o [1]
callbacks               0x20012e78     0x40  Data  Lc  CRTP.o [1]
commanderCrtpCB         0x08002999     0x40  Code  Lc  commander.o [1]
commanderInit           0x0800293d     0x4a  Code  Gb  commander.o [1]
commanderTest           0x08002987      0x6  Code  Gb  commander.o [1]
commanderWatchdogReset  0x080029f5      0xc  Code  Lc  commander.o [1]
crtpInit                0x080027d1     0x4e  Code  Gb  CRTP.o [1]
crtpInitTaskQueue       0x08002825     0x18  Code  Gb  CRTP.o [1]
crtpRegisterPortCB      0x080028d7      0xc  Code  Gb  CRTP.o [1]
crtpRxTask              0x08002861     0x76  Code  Lc  CRTP.o [1]
crtpRxTask::droppedPacket
                        0x20012fe0      0x4  Data  Lc  CRTP.o [1]
crtpSetLink             0x080028e3     0x32  Code  Gb  CRTP.o [1]
crtpTest                0x0800281f      0x6  Code  Gb  CRTP.o [1]
crtpTxTask              0x0800283d     0x22  Code  Lc  CRTP.o [1]
crtp_txQueue            0x20012fdc      0x4  Data  Lc  CRTP.o [1]
dataLen                 0x2001306b      0x1  Data  Gb  RadioLink.o [1]
dataRdy                 0x20012ff4      0x4  Data  Lc  RadioLink.o [1]
exit                    0x08003553      0x4  Code  Gb  exit.o [3]
heapSTRUCT_SIZE         0x08000ee6      0x2  Data  Lc  heap_2.o [1]
interruptCallback       0x080026ad     0x28  Code  Lc  RadioLink.o [1]
interruptCb             0x20012fec      0x4  Data  Lc  nRF24L01.o [1]
isInit                  0x20013064      0x1  Data  Lc  commander.o [1]
isInit                  0x20013066      0x1  Data  Lc  ComModule.o [1]
isInit                  0x20013067      0x1  Data  Lc  CRTP.o [1]
isInit                  0x20013068      0x1  Data  Lc  LedSeq.o [1]
isInit                  0x2001306a      0x1  Data  Lc  RadioLink.o [1]
isInit                  0x2001306d      0x1  Data  Lc  system.o [1]
lastUpdate              0x20012fd8      0x4  Data  Lc  commander.o [1]
link                    0x2000017c      0x4  Data  Lc  CRTP.o [1]
main                    0x080015d7     0x14  Code  Gb  main.o [1]
mydebugCrtpCB           0x0800298d      0xc  Code  Lc  commander.o [1]
nopFunc                 0x08002939      0x4  Code  Lc  CRTP.o [1]
nopLink                 0x2000012c     0x14  Data  Lc  CRTP.o [1]
nrf24l01Check           0x08002665     0x48  Code  Lc  RadioLink.o [1]
nrfActivate             0x08002cff     0x2a  Code  Gb  nRF24L01.o [1]
nrfFlushRx              0x08002c7b     0x2e  Code  Gb  nRF24L01.o [1]
nrfFlushTx              0x08002ca9     0x2c  Code  Gb  nRF24L01.o [1]
nrfIsr                  0x08002f83     0x12  Code  Gb  nRF24L01.o [1]
nrfReadBuf              0x08002bbb     0x4e  Code  Gb  nRF24L01.o [1]
nrfReadReg              0x08002c5b     0x12  Code  Gb  nRF24L01.o [1]
nrfRxLength             0x08002cd5     0x2a  Code  Gb  nRF24L01.o [1]
nrfRxPayload            0x08002d77     0x44  Code  Gb  nRF24L01.o [1]
nrfSetChannel           0x08002dbb     0x14  Code  Gb  nRF24L01.o [1]
nrfSetDateRate          0x08002dcf     0x22  Code  Gb  nRF24L01.o [1]
nrfSetEnable            0x08002e17     0x20  Code  Gb  nRF24L01.o [1]
nrfSetInterruptCallback
                        0x08002f95      0x6  Code  Gb  nRF24L01.o [1]
nrfSetRxAddress         0x08002dff     0x18  Code  Gb  nRF24L01.o [1]
nrfSetTxAddress         0x08002df1      0xe  Code  Gb  nRF24L01.o [1]
nrfSpiInit              0x08002e37    0x14c  Code  Gb  nRF24L01.o [1]
nrfWriteAck             0x08002d29     0x4e  Code  Gb  nRF24L01.o [1]
nrfWriteBuf             0x08002c09     0x52  Code  Gb  nRF24L01.o [1]
nrfWriteReg             0x08002c6d      0xe  Code  Gb  nRF24L01.o [1]
paramCrtpCB             0x080029d9     0x1c  Code  Lc  commander.o [1]
pcInterruptPriorityRegisters
                        0x080035f4      0x4  Data  Lc  port.o [1]
pk                      0x20012ef8     0x24  Data  Gb  RadioLink.o [1]
prvAddCurrentTaskToDelayedList
                        0x08000bf1     0x80  Code  Lc  tasks.o [1]
prvAddNewTaskToReadyList
                        0x080002d9     0xc0  Code  Lc  tasks.o [1]
prvCheckForValidListAndQueue
                        0x0800153b     0x4c  Code  Lc  timers.o [1]
prvCheckTasksWaitingTermination
                        0x08000997     0x64  Code  Lc  tasks.o [1]
prvCopyDataFromQueue    0x08001d7d     0x2a  Code  Lc  queue.o [1]
prvCopyDataToQueue      0x08001cf7     0x86  Code  Lc  queue.o [1]
prvDeleteTCB            0x080009fb     0x12  Code  Lc  tasks.o [1]
prvGetNextExpireTime    0x08001359     0x28  Code  Lc  timers.o [1]
prvHeapInit             0x08000da5     0x26  Code  Lc  heap_2.o [1]
prvIdleTask             0x0800090d     0x28  Code  Lc  tasks.o [1]
prvInitialiseMutex      0x080017b7     0x1e  Code  Lc  queue.o [1]
prvInitialiseNewQueue   0x08001795     0x22  Code  Lc  queue.o [1]
prvInitialiseNewTask    0x08000223     0xb6  Code  Lc  tasks.o [1]
prvInitialiseNewTimer   0x080011b9     0x50  Code  Lc  timers.o [1]
prvInitialiseTaskLists  0x0800093d     0x5a  Code  Lc  tasks.o [1]
prvInsertTimerInActiveList
                        0x080013a9     0x3e  Code  Lc  timers.o [1]
prvIsQueueEmpty         0x08001e15     0x1c  Code  Lc  queue.o [1]
prvIsQueueFull          0x08001e31     0x1e  Code  Lc  queue.o [1]
prvProcessExpiredTimer  0x08001277     0x5a  Code  Lc  timers.o [1]
prvProcessReceivedCommands
                        0x080013e7     0xd6  Code  Lc  timers.o [1]
prvProcessTimerOrBlockTask
                        0x080012e9     0x70  Code  Lc  timers.o [1]
prvResetNextTaskUnblockTime
                        0x08000a0d     0x28  Code  Lc  tasks.o [1]
prvSampleTimeNow        0x08001381     0x28  Code  Lc  timers.o [1]
prvSampleTimeNow::xLastTime
                        0x20013060      0x4  Data  Lc  timers.o [1]
prvSwitchTimerLists     0x080014bd     0x7e  Code  Lc  timers.o [1]
prvTaskExitError        0x08000f11     0x2a  Code  Lc  port.o [1]
prvTimerTask            0x080012d5     0x14  Code  Lc  timers.o [1]
prvUnlockQueue          0x08001da7     0x6e  Code  Lc  queue.o [1]
pvPortMalloc            0x08000cb1     0xb8  Code  Gb  heap_2.o [1]
pvPortMalloc::xHeapHasBeenInitialised
                        0x20012fe4      0x4  Data  Lc  heap_2.o [1]
pvTaskIncrementMutexHeldCount
                        0x08000baf     0x1e  Code  Gb  tasks.o [1]
pvTimerGetTimerID       0x080015b1     0x26  Code  Gb  timers.o [1]
pxCurrentTCB            0x20013014      0x4  Data  Gb  tasks.o [1]
pxCurrentTimerList      0x20013050      0x4  Data  Lc  timers.o [1]
pxDelayedTaskList       0x20013018      0x4  Data  Lc  tasks.o [1]
pxOverflowDelayedTaskList
                        0x2001301c      0x4  Data  Lc  tasks.o [1]
pxOverflowTimerList     0x20013054      0x4  Data  Lc  timers.o [1]
pxPortInitialiseStack   0x08000ee9     0x28  Code  Gb  port.o [1]
pxReadyTasksLists       0x20012d8c     0x64  Data  Lc  tasks.o [1]
queues                  0x20012e38     0x40  Data  Lc  CRTP.o [1]
radioIsConnected        0x0800248b     0x1a  Code  Lc  RadioLink.o [1]
radioOp                 0x20000140     0x14  Data  Lc  RadioLink.o [1]
radioReceivePacket      0x08002469     0x22  Code  Gb  RadioLink.o [1]
radioReset              0x080024a5     0x12  Code  Gb  RadioLink.o [1]
radioSendPacket         0x08002443     0x26  Code  Gb  RadioLink.o [1]
radioSetEnable          0x0800242d     0x16  Code  Gb  RadioLink.o [1]
radiolinkGetLink        0x08002781      0x4  Code  Gb  RadioLink.o [1]
radiolinkInit           0x080026d5     0xa6  Code  Gb  RadioLink.o [1]
radiolinkInitNRF24L01P  0x0800255d    0x108  Code  Lc  RadioLink.o [1]
radiolinkTest           0x0800277b      0x6  Code  Gb  RadioLink.o [1]
rxQueue                 0x20012ffc      0x4  Data  Lc  RadioLink.o [1]
seq_alive               0x200000cc     0x18  Data  Gb  LedSeq.o [1]
seq_armed               0x2000009c     0x18  Data  Gb  LedSeq.o [1]
seq_bootloader          0x20000114     0x18  Data  Gb  LedSeq.o [1]
seq_calibrated          0x200000b4     0x18  Data  Gb  LedSeq.o [1]
seq_charged             0x20000164     0x10  Data  Gb  LedSeq.o [1]
seq_charging            0x200000fc     0x18  Data  Gb  LedSeq.o [1]
seq_linkup              0x200000e4     0x18  Data  Gb  LedSeq.o [1]
seq_lowbat              0x20000154     0x10  Data  Gb  LedSeq.o [1]
seq_testPassed          0x20000000     0x78  Data  Gb  LedSeq.o [1]
sequences               0x20000078     0x24  Data  Lc  LedSeq.o [1]
side                    0x20012fd4      0x4  Data  Lc  commander.o [1]
state                   0x20012df0     0x48  Data  Lc  LedSeq.o [1]
state                   0x20013004      0x4  Data  Lc  RadioLink.o [1]
systemInit              0x08001fa1     0x34  Code  Lc  system.o [1]
systemLaunch            0x08001f49     0x1c  Code  Gb  system.o [1]
systemStart             0x08001fed     0x12  Code  Lc  system.o [1]
systemTask              0x08001f65     0x3c  Code  Lc  system.o [1]
systemTest              0x08001fd5     0x18  Code  Lc  system.o [1]
targetVal               0x20012fa8      0xc  Data  Lc  commander.o [1]
timer                   0x20012fcc      0x8  Data  Lc  LedSeq.o [1]
txQueue                 0x20012ff8      0x4  Data  Lc  RadioLink.o [1]
ucHeap                  0x2000018c  0x12c00  Data  Lc  heap_2.o [1]
ucMaxSysCallPriority    0x20013069      0x1  Data  Lc  port.o [1]
ulMaxPRIGROUPValue      0x20012ff0      0x4  Data  Lc  port.o [1]
uxCriticalNesting       0x20000184      0x4  Data  Lc  port.o [1]
uxCurrentNumberOfTasks  0x20013024      0x4  Data  Lc  tasks.o [1]
uxDeletedTasksWaitingCleanUp
                        0x20013020      0x4  Data  Lc  tasks.o [1]
uxListRemove            0x08000ec1     0x26  Code  Gb  list.o [1]
uxPendedTicks           0x20013034      0x4  Data  Lc  tasks.o [1]
uxQueueMessagesWaiting  0x08001cd1     0x26  Code  Gb  queue.o [1]
uxSchedulerSuspended    0x2001304c      0x4  Data  Lc  tasks.o [1]
uxTaskNumber            0x20013040      0x4  Data  Lc  tasks.o [1]
uxTopReadyPriority      0x2001302c      0x4  Data  Lc  tasks.o [1]
vApplicationIdleHook    0x080015fd      0x2  Code  Gb  main.o [1]
vApplicationMallocFailedHook
                        0x080015ed     0x10  Code  Gb  main.o [1]
vApplicationStackOverflowHook
                        0x080015ff     0x10  Code  Gb  main.o [1]
vApplicationTickHook    0x080015eb      0x2  Code  Gb  main.o [1]
vListInitialise         0x08000e4f     0x1e  Code  Gb  list.o [1]
vListInitialiseItem     0x08000e6d      0x6  Code  Gb  list.o [1]
vListInsert             0x08000e8b     0x36  Code  Gb  list.o [1]
vListInsertEnd          0x08000e73     0x18  Code  Gb  list.o [1]
vPortEnableVFP          0x0800169d           Code  Gb  portasm.o [1]
vPortEnterCritical      0x08001007     0x3a  Code  Gb  port.o [1]
vPortExitCritical       0x08001041     0x32  Code  Gb  port.o [1]
vPortFree               0x08000d69     0x3c  Code  Gb  heap_2.o [1]
vPortSetupTimerInterrupt
                        0x0800109b     0x1a  Code  Wk  port.o [1]
vPortStartFirstTask     0x08001685           Code  Gb  portasm.o [1]
vPortValidateInterruptPriority
                        0x080010b5     0x4a  Code  Gb  port.o [1]
vQueueAddToRegistry     0x08001e4f     0x24  Code  Gb  queue.o [1]
vQueueWaitForMessageRestricted
                        0x08001e7d     0x4a  Code  Gb  queue.o [1]
vTaskDelay              0x08000399     0x4c  Code  Gb  tasks.o [1]
vTaskMissedYield        0x080008ff      0xa  Code  Gb  tasks.o [1]
vTaskPlaceOnEventList   0x0800074b     0x2e  Code  Gb  tasks.o [1]
vTaskPlaceOnEventListRestricted
                        0x08000789     0x38  Code  Gb  tasks.o [1]
vTaskPriorityInherit    0x08000a55     0xa8  Code  Gb  tasks.o [1]
vTaskSetApplicationTaskTag
                        0x0800068d     0x1e  Code  Gb  tasks.o [1]
vTaskSetTimeOutState    0x08000851     0x26  Code  Gb  tasks.o [1]
vTaskStartScheduler     0x080003e5     0x6e  Code  Gb  tasks.o [1]
vTaskSuspendAll         0x08000453     0x10  Code  Gb  tasks.o [1]
vTaskSwitchContext      0x080006ab     0xa0  Code  Gb  tasks.o [1]
xActiveTimerList1       0x20012f80     0x14  Data  Lc  timers.o [1]
xActiveTimerList2       0x20012f94     0x14  Data  Lc  timers.o [1]
xDelayedTaskList1       0x20012f1c     0x14  Data  Lc  tasks.o [1]
xDelayedTaskList2       0x20012f30     0x14  Data  Lc  tasks.o [1]
xEnd                    0x20012fbc      0x8  Data  Lc  heap_2.o [1]
xFreeBytesRemaining     0x20000180      0x4  Data  Lc  heap_2.o [1]
xIdleTaskHandle         0x20013048      0x4  Data  Lc  tasks.o [1]
xNextTaskUnblockTime    0x20013044      0x4  Data  Lc  tasks.o [1]
xNumOfOverflows         0x2001303c      0x4  Data  Lc  tasks.o [1]
xPendingReadyList       0x20012f44     0x14  Data  Lc  tasks.o [1]
xPortStartScheduler     0x08000f3b     0xcc  Code  Gb  port.o [1]
xQueueCreateMutex       0x080017d5     0x1c  Code  Gb  queue.o [1]
xQueueGenericCreate     0x0800174b     0x4a  Code  Gb  queue.o [1]
xQueueGenericReceive    0x08001b13    0x1be  Code  Gb  queue.o [1]
xQueueGenericReset      0x080016b9     0x92  Code  Gb  queue.o [1]
xQueueGenericSend       0x080017f1    0x196  Code  Gb  queue.o [1]
xQueueGenericSendFromISR
                        0x08001987     0xd8  Code  Gb  queue.o [1]
xQueueGiveFromISR       0x08001a5f     0xb4  Code  Gb  queue.o [1]
xQueueRegistry          0x20012eb8     0x40  Data  Gb  queue.o [1]
xSchedulerRunning       0x20013030      0x4  Data  Lc  tasks.o [1]
xStart                  0x20012fb4      0x8  Data  Lc  heap_2.o [1]
xSuspendedTaskList      0x20012f6c     0x14  Data  Lc  tasks.o [1]
xTaskCheckForTimeOut    0x0800087d     0x82  Code  Gb  tasks.o [1]
xTaskCreate             0x080001ad     0x76  Code  Gb  tasks.o [1]
xTaskGetSchedulerState  0x08000a35     0x20  Code  Gb  tasks.o [1]
xTaskGetTickCount       0x0800055d      0x8  Code  Gb  tasks.o [1]
xTaskIncrementTick      0x08000565    0x128  Code  Gb  tasks.o [1]
xTaskPriorityDisinherit
                        0x08000afd     0xb2  Code  Gb  tasks.o [1]
xTaskRemoveFromEventList
                        0x080007c9     0x82  Code  Gb  tasks.o [1]
xTaskResumeAll          0x08000463     0xfa  Code  Gb  tasks.o [1]
xTasksWaitingTermination
                        0x20012f58     0x14  Data  Lc  tasks.o [1]
xTickCount              0x20013028      0x4  Data  Lc  tasks.o [1]
xTimerCreate            0x08001185     0x34  Code  Gb  timers.o [1]
xTimerCreateTimerTask   0x0800113d     0x48  Code  Gb  timers.o [1]
xTimerGenericCommand    0x08001209     0x6e  Code  Gb  timers.o [1]
xTimerQueue             0x20013058      0x4  Data  Lc  timers.o [1]
xTimerTaskHandle        0x2001305c      0x4  Data  Lc  timers.o [1]
xYieldPending           0x20013038      0x4  Data  Lc  tasks.o [1]


[1] = E:\root\FlightControllerFreeRTOS\Debug\Obj
[2] = command line
[3] = dl7M_tlf.a
[4] = m7M_tls.a
[5] = rt7M_tl.a
[6] = shb_l.a

  14 016 bytes of readonly  code memory
     536 bytes of readonly  data memory
  86 126 bytes of readwrite data memory

Errors: none
Warnings: none
