###############################################################################
#
# IAR ELF Linker V7.60.2.11341/W32 for ARM                19/Mar/2017  16:09:52
# Copyright 2007-2016 IAR Systems AB.
#
#    Output file  =  
#        F:\朱国华\boot\FlightControllerFreeRTOS\Debug\Exe\MPU9250.out
#    Map file     =  
#        F:\朱国华\boot\FlightControllerFreeRTOS\Debug\List\MPU9250.map
#    Command line =  
#        F:\朱国华\boot\FlightControllerFreeRTOS\Debug\Obj\attitude_pid_controller.o
#        F:\朱国华\boot\FlightControllerFreeRTOS\Debug\Obj\BoardDefine.o
#        F:\朱国华\boot\FlightControllerFreeRTOS\Debug\Obj\cc936.o
#        F:\朱国华\boot\FlightControllerFreeRTOS\Debug\Obj\commander.o
#        F:\朱国华\boot\FlightControllerFreeRTOS\Debug\Obj\ComModule.o
#        F:\朱国华\boot\FlightControllerFreeRTOS\Debug\Obj\controller_pid.o
#        F:\朱国华\boot\FlightControllerFreeRTOS\Debug\Obj\croutine.o
#        F:\朱国华\boot\FlightControllerFreeRTOS\Debug\Obj\CRTP.o
#        F:\朱国华\boot\FlightControllerFreeRTOS\Debug\Obj\diskio.o
#        F:\朱国华\boot\FlightControllerFreeRTOS\Debug\Obj\estimator_complementary.o
#        F:\朱国华\boot\FlightControllerFreeRTOS\Debug\Obj\ff.o
#        F:\朱国华\boot\FlightControllerFreeRTOS\Debug\Obj\filter.o
#        F:\朱国华\boot\FlightControllerFreeRTOS\Debug\Obj\heap_2.o
#        F:\朱国华\boot\FlightControllerFreeRTOS\Debug\Obj\HMC5983.o
#        F:\朱国华\boot\FlightControllerFreeRTOS\Debug\Obj\ICM20601.o
#        F:\朱国华\boot\FlightControllerFreeRTOS\Debug\Obj\IMU.o
#        F:\朱国华\boot\FlightControllerFreeRTOS\Debug\Obj\LedSeq.o
#        F:\朱国华\boot\FlightControllerFreeRTOS\Debug\Obj\list.o
#        F:\朱国华\boot\FlightControllerFreeRTOS\Debug\Obj\main.o
#        F:\朱国华\boot\FlightControllerFreeRTOS\Debug\Obj\malloc.o
#        F:\朱国华\boot\FlightControllerFreeRTOS\Debug\Obj\misc.o
#        F:\朱国华\boot\FlightControllerFreeRTOS\Debug\Obj\Motors.o
#        F:\朱国华\boot\FlightControllerFreeRTOS\Debug\Obj\MPU9250.o
#        F:\朱国华\boot\FlightControllerFreeRTOS\Debug\Obj\ms5611.o
#        F:\朱国华\boot\FlightControllerFreeRTOS\Debug\Obj\nRF24L01.o
#        F:\朱国华\boot\FlightControllerFreeRTOS\Debug\Obj\num.o
#        F:\朱国华\boot\FlightControllerFreeRTOS\Debug\Obj\pid.o
#        F:\朱国华\boot\FlightControllerFreeRTOS\Debug\Obj\pidctrl.o
#        F:\朱国华\boot\FlightControllerFreeRTOS\Debug\Obj\port.o
#        F:\朱国华\boot\FlightControllerFreeRTOS\Debug\Obj\portasm.o
#        F:\朱国华\boot\FlightControllerFreeRTOS\Debug\Obj\position_controller_pid.o
#        F:\朱国华\boot\FlightControllerFreeRTOS\Debug\Obj\position_estimator_altitude.o
#        F:\朱国华\boot\FlightControllerFreeRTOS\Debug\Obj\power_distribution.o
#        F:\朱国华\boot\FlightControllerFreeRTOS\Debug\Obj\queue.o
#        F:\朱国华\boot\FlightControllerFreeRTOS\Debug\Obj\RadioLink.o
#        F:\朱国华\boot\FlightControllerFreeRTOS\Debug\Obj\sdio_sd.o
#        F:\朱国华\boot\FlightControllerFreeRTOS\Debug\Obj\sensfusion6.o
#        F:\朱国华\boot\FlightControllerFreeRTOS\Debug\Obj\sensors.o
#        F:\朱国华\boot\FlightControllerFreeRTOS\Debug\Obj\sitaw.o
#        F:\朱国华\boot\FlightControllerFreeRTOS\Debug\Obj\stabilizer.o
#        F:\朱国华\boot\FlightControllerFreeRTOS\Debug\Obj\startup_stm32f427_437xx.o
#        F:\朱国华\boot\FlightControllerFreeRTOS\Debug\Obj\stm32f4xx_adc.o
#        F:\朱国华\boot\FlightControllerFreeRTOS\Debug\Obj\stm32f4xx_can.o
#        F:\朱国华\boot\FlightControllerFreeRTOS\Debug\Obj\stm32f4xx_cec.o
#        F:\朱国华\boot\FlightControllerFreeRTOS\Debug\Obj\stm32f4xx_crc.o
#        F:\朱国华\boot\FlightControllerFreeRTOS\Debug\Obj\stm32f4xx_cryp.o
#        F:\朱国华\boot\FlightControllerFreeRTOS\Debug\Obj\stm32f4xx_cryp_aes.o
#        F:\朱国华\boot\FlightControllerFreeRTOS\Debug\Obj\stm32f4xx_cryp_des.o
#        F:\朱国华\boot\FlightControllerFreeRTOS\Debug\Obj\stm32f4xx_cryp_tdes.o
#        F:\朱国华\boot\FlightControllerFreeRTOS\Debug\Obj\stm32f4xx_dac.o
#        F:\朱国华\boot\FlightControllerFreeRTOS\Debug\Obj\stm32f4xx_dbgmcu.o
#        F:\朱国华\boot\FlightControllerFreeRTOS\Debug\Obj\stm32f4xx_dcmi.o
#        F:\朱国华\boot\FlightControllerFreeRTOS\Debug\Obj\stm32f4xx_dfsdm.o
#        F:\朱国华\boot\FlightControllerFreeRTOS\Debug\Obj\stm32f4xx_dma.o
#        F:\朱国华\boot\FlightControllerFreeRTOS\Debug\Obj\stm32f4xx_dma2d.o
#        F:\朱国华\boot\FlightControllerFreeRTOS\Debug\Obj\stm32f4xx_dsi.o
#        F:\朱国华\boot\FlightControllerFreeRTOS\Debug\Obj\stm32f4xx_exti.o
#        F:\朱国华\boot\FlightControllerFreeRTOS\Debug\Obj\stm32f4xx_flash.o
#        F:\朱国华\boot\FlightControllerFreeRTOS\Debug\Obj\stm32f4xx_flash_ramfunc.o
#        F:\朱国华\boot\FlightControllerFreeRTOS\Debug\Obj\stm32f4xx_fmc.o
#        F:\朱国华\boot\FlightControllerFreeRTOS\Debug\Obj\stm32f4xx_fmpi2c.o
#        F:\朱国华\boot\FlightControllerFreeRTOS\Debug\Obj\stm32f4xx_gpio.o
#        F:\朱国华\boot\FlightControllerFreeRTOS\Debug\Obj\stm32f4xx_hash.o
#        F:\朱国华\boot\FlightControllerFreeRTOS\Debug\Obj\stm32f4xx_hash_md5.o
#        F:\朱国华\boot\FlightControllerFreeRTOS\Debug\Obj\stm32f4xx_hash_sha1.o
#        F:\朱国华\boot\FlightControllerFreeRTOS\Debug\Obj\stm32f4xx_i2c.o
#        F:\朱国华\boot\FlightControllerFreeRTOS\Debug\Obj\stm32f4xx_it.o
#        F:\朱国华\boot\FlightControllerFreeRTOS\Debug\Obj\stm32f4xx_iwdg.o
#        F:\朱国华\boot\FlightControllerFreeRTOS\Debug\Obj\stm32f4xx_lptim.o
#        F:\朱国华\boot\FlightControllerFreeRTOS\Debug\Obj\stm32f4xx_ltdc.o
#        F:\朱国华\boot\FlightControllerFreeRTOS\Debug\Obj\stm32f4xx_pwr.o
#        F:\朱国华\boot\FlightControllerFreeRTOS\Debug\Obj\stm32f4xx_qspi.o
#        F:\朱国华\boot\FlightControllerFreeRTOS\Debug\Obj\stm32f4xx_rcc.o
#        F:\朱国华\boot\FlightControllerFreeRTOS\Debug\Obj\stm32f4xx_rng.o
#        F:\朱国华\boot\FlightControllerFreeRTOS\Debug\Obj\stm32f4xx_rtc.o
#        F:\朱国华\boot\FlightControllerFreeRTOS\Debug\Obj\stm32f4xx_sai.o
#        F:\朱国华\boot\FlightControllerFreeRTOS\Debug\Obj\stm32f4xx_sdio.o
#        F:\朱国华\boot\FlightControllerFreeRTOS\Debug\Obj\stm32f4xx_spdifrx.o
#        F:\朱国华\boot\FlightControllerFreeRTOS\Debug\Obj\stm32f4xx_spi.o
#        F:\朱国华\boot\FlightControllerFreeRTOS\Debug\Obj\stm32f4xx_syscfg.o
#        F:\朱国华\boot\FlightControllerFreeRTOS\Debug\Obj\stm32f4xx_tim.o
#        F:\朱国华\boot\FlightControllerFreeRTOS\Debug\Obj\stm32f4xx_usart.o
#        F:\朱国华\boot\FlightControllerFreeRTOS\Debug\Obj\stm32f4xx_wwdg.o
#        F:\朱国华\boot\FlightControllerFreeRTOS\Debug\Obj\system.o
#        F:\朱国华\boot\FlightControllerFreeRTOS\Debug\Obj\system_stm32f4xx.o
#        F:\朱国华\boot\FlightControllerFreeRTOS\Debug\Obj\tasks.o
#        F:\朱国华\boot\FlightControllerFreeRTOS\Debug\Obj\timers.o
#        F:\朱国华\boot\FlightControllerFreeRTOS\Debug\Obj\trigger.o --redirect
#        _Printf=_PrintfFull --redirect _Scanf=_ScanfFull -o
#        F:\朱国华\boot\FlightControllerFreeRTOS\Debug\Exe\MPU9250.out --map
#        F:\朱国华\boot\FlightControllerFreeRTOS\Debug\List\MPU9250.map
#        --config "D:\Program Files (x86)\IAR Systems\Embedded Workbench
#        7.4\arm\config\linker\ST\stm32f427xI.icf" --semihosting --entry
#        __iar_program_start --vfe
#
###############################################################################

*******************************************************************************
*** RUNTIME MODEL ATTRIBUTES
***

CppFlavor                     = *
__Heap_Handler                = Basic
__SystemLibrary               = DLib
__dlib_dynamic_initialization = normal


*******************************************************************************
*** PLACEMENT SUMMARY
***

"A1":  place at 0x08000000 { ro section .intvec };
"P1":  place in [from 0x08000000 to 0x081fffff] { ro };
"P3":  place in [from 0x10000000 to 0x1000ffff] { block CSTACK, section .ccram };
"P4":  place in [from 0x20000000 to 0x2001bfff] |
                [from 0x2001c000 to 0x2001ffff] |
                [from 0x20020000 to 0x2002ffff] { rw, block HEAP };
initialize by copy { rw };

  Section             Kind        Address     Size  Object
  -------             ----        -------     ----  ------
"A1":                                        0x1ac
  .intvec             ro code  0x08000000    0x1ac  startup_stm32f427_437xx.o [1]
                             - 0x080001ac    0x1ac

"P1":                                       0xa0a0
  .text               ro code  0x080001ac   0x119e  xprintffull.o [3]
  .text               ro code  0x0800134a     0x20  xmbtowc.o [3]
  .rodata             const    0x0800136a      0x2  heap_2.o [1]
  .text               ro code  0x0800136c     0x16  strchr.o [5]
  .text               ro code  0x08001384     0x36  strlen.o [5]
  .text               ro code  0x080013bc     0x58  memchr.o [5]
  .text               ro code  0x08001414      0xa  xmbcurmax.o [3]
  .text               ro code  0x08001420     0xb0  xxmemxmalloc.o [3]
  .text               ro code  0x080014d0     0x1a  xwctomb.o [3]
  .text               ro code  0x080014ec     0x76  ABImemcpy_unaligned.o [5]
  .text               ro code  0x08001564     0x80  xxmemxfree.o [3]
  .text               ro code  0x080015e4    0x132  I64DivMod.o [5]
  .text               ro code  0x08001716     0x44  xdnorm.o [4]
  .text               ro code  0x0800175c     0x2e  DblCmpLe.o [4]
  .text               ro code  0x0800178c     0x2e  DblCmpGe.o [4]
  .text               ro code  0x080017bc    0x114  xdscale.o [4]
  .text               ro code  0x080018d0     0x58  DblToI32.o [4]
  .text               ro code  0x08001928     0x30  I32ToDbl.o [4]
  .text               ro code  0x08001958    0x180  DblSub.o [4]
  .text               ro code  0x08001ad8    0x1a2  DblMul.o [4]
  .text               ro code  0x08001c7c    0x256  DblDiv.o [4]
  .text               ro code  0x08001ed4     0x6c  localeconv.o [3]
  .text               ro code  0x08001f40      0xe  div.o [3]
  .text               ro code  0x08001f50     0x14  setlocale.o [3]
  .text               ro code  0x08001f64     0x60  xencoding_sb.o [3]
  .text               ro code  0x08001fc4     0x2c  xgetmemchunk.o [3]
  .text               ro code  0x08001ff0      0x2  I64DivZer.o [5]
  .text               ro code  0x08001ff4     0xe8  DblAdd.o [4]
  .text               ro code  0x080020dc      0x2  xtls.o [3]
  .text               ro code  0x080020e0    0xba8  tasks.o [1]
  .text               ro code  0x08002c88    0x138  heap_2.o [1]
  .text               ro code  0x08002dc0     0x66  ABImemset.o [5]
  .text               ro code  0x08002e26     0x98  list.o [1]
  .text               ro code  0x08002ec0    0x254  port.o [1]
  .text               ro code  0x08003114    0x49a  timers.o [1]
  .text               ro code  0x080035ae     0x38  main.o [1]
  CODE                ro code  0x080035e8     0xa8  portasm.o [1]
  .text               ro code  0x08003690    0x80e  queue.o [1]
  .text               ro code  0x08003ea0     0x80  misc.o [1]
  .text               ro code  0x08003f20    0x10c  system.o [1]
  .text               ro code  0x0800402c    0x390  BoardDefine.o [1]
  .text               ro code  0x080043bc    0x2a0  LedSeq.o [1]
  .text               ro code  0x0800465c     0x5c  ComModule.o [1]
  .text               ro code  0x080046b8     0xf8  stabilizer.o [1]
  .text               ro code  0x080047b0    0x1a4  stm32f4xx_rcc.o [1]
  .text               ro code  0x08004954    0x114  stm32f4xx_gpio.o [1]
  .text               ro code  0x08004a68     0x76  stm32f4xx_spi.o [1]
  .text               ro code  0x08004ae0    0x102  stm32f4xx_usart.o [1]
  .text               ro code  0x08004be4     0x24  printf.o [3]
  .text               ro code  0x08004c08    0x3c0  RadioLink.o [1]
  .text               ro code  0x08004fc8    0x1ac  CRTP.o [1]
  .text               ro code  0x08005174    0x4e4  commander.o [1]
  .text               ro code  0x08005658     0x80  sensors.o [1]
  .text               ro code  0x080056d8     0xb0  estimator_complementary.o [1]
  .text               ro code  0x08005788    0x204  controller_pid.o [1]
  .text               ro code  0x0800598c    0x190  power_distribution.o [1]
  .text               ro code  0x08005b1c     0x18  sitaw.o [1]
  .text               ro code  0x08005b34    0x42c  nRF24L01.o [1]
  .text               ro code  0x08005f60      0x6  cosf.o [4]
  .text               ro code  0x08005f66      0x6  sinf.o [4]
  .text               ro code  0x08005f6c    0x574  IMU.o [1]
  .text               ro code  0x080064e0    0x31c  ms5611.o [1]
  .text               ro code  0x080067fc    0x620  sensfusion6.o [1]
  .text               ro code  0x08006e1c    0x118  position_estimator_altitude.o [1]
  .text               ro code  0x08006f34    0x300  attitude_pid_controller.o [1]
  .text               ro code  0x08007234     0x4e  FltToDbl.o [4]
  .text               ro code  0x08007284     0x90  DblToFlt.o [4]
  .text               ro code  0x08007314    0x244  position_controller_pid.o [1]
  .text               ro code  0x08007558    0x340  Motors.o [1]
  .text               ro code  0x08007898     0x80  num.o [1]
  .text               ro code  0x08007918     0x54  stm32f4xx_syscfg.o [1]
  .text               ro code  0x0800796c     0xb8  stm32f4xx_exti.o [1]
  .text               ro code  0x08007a24    0x168  xfsin.o [4]
  .text               ro code  0x08007b8c    0x240  ICM20601.o [1]
  .text               ro code  0x08007dcc    0x1f4  HMC5983.o [1]
  .text               ro code  0x08007fc0      0x6  ABImemclr4.o [5]
  .text               ro code  0x08007fc8     0x62  I64ToFlt.o [4]
  .text               ro code  0x0800802a     0x2c  filter.o [1]
  .text               ro code  0x08008058     0x58  I64ToDbl.o [4]
  .rodata             const    0x080080b0     0x44  Motors.o [1]
  .text               ro code  0x080080f8    0x8d0  pow.o [4]
  .text               ro code  0x080089c8     0x6a  atan2f.o [4]
  .text               ro code  0x08008a34     0x5c  asinf.o [4]
  .text               ro code  0x08008a90    0x112  pid.o [1]
  .text               ro code  0x08008ba4    0x4b6  stm32f4xx_tim.o [1]
  .text               ro code  0x0800905c     0x28  stm32f4xx_dbgmcu.o [1]
  .text               ro code  0x08009084      0xc  errno.o [3]
  .text               ro code  0x08009090     0xec  xfquad.o [4]
  .text               ro code  0x0800917c     0x32  ABImemset48.o [5]
  .text               ro code  0x080091ae     0x7a  xdint.o [4]
  .text               ro code  0x08009228     0x20  DblCmpEq.o [4]
  .text               ro code  0x08009248     0xb0  xlog.o [4]
  .text               ro code  0x080092f8    0x2c6  xexp.o [4]
  .text               ro code  0x080095c0     0xa4  xatanf.o [4]
  .text               ro code  0x08009664      0xc  iarEdom.o [5]
  .text               ro code  0x08009670     0x4e  xfdint.o [4]
  .text               ro code  0x080096c0     0xe6  fmodf.o [4]
  .text               ro code  0x080097a6     0x40  xdtest.o [4]
  .text               ro code  0x080097e8    0x180  system_stm32f4xx.o [1]
  .text               ro code  0x08009968     0xf4  sdio_sd.o [1]
  .text               ro code  0x08009a5c     0x48  stm32f4xx_sdio.o [1]
  .text               ro code  0x08009aa4     0x30  stm32f4xx_dma.o [1]
  .text               ro code  0x08009ad4     0xce  packbits_init.o [5]
  .text               ro code  0x08009ba2      0x6  abort.o [3]
  .text               ro code  0x08009ba8     0x14  exit.o [6]
  .rodata             const    0x08009bbc     0x44  Motors.o [1]
  .rodata             const    0x08009c00     0x44  Motors.o [1]
  .rodata             const    0x08009c44     0x44  Motors.o [1]
  .text               ro code  0x08009c88     0x40  zero_init3.o [5]
  .text               ro code  0x08009cc8     0x3a  stm32f4xx_it.o [1]
  .text               ro code  0x08009d04     0x28  data_init.o [5]
  .text               ro code  0x08009d2c     0x22  fpinit_M.o [4]
  .iar.init_table     const    0x08009d50     0x2c  - Linker created -
  .rodata             const    0x08009d7c     0x1c  IMU.o [1]
  .text               ro code  0x08009d98     0x1a  cmain.o [5]
  .text               ro code  0x08009db2      0x4  low_level_init.o [3]
  .text               ro code  0x08009db6      0x4  exit.o [3]
  .text               ro code  0x08009dbc      0xa  cexit.o [5]
  .rodata             const    0x08009dc8     0x18  HMC5983.o [1]
  .rodata             const    0x08009de0     0x18  ICM20601.o [1]
  .text               ro code  0x08009df8     0x16  xprout.o [3]
  .text               ro code  0x08009e10      0xc  putchar.o [3]
  .rodata             const    0x08009e1c     0x14  BoardDefine.o [1]
  .rodata             const    0x08009e30     0x14  BoardDefine.o [1]
  .rodata             const    0x08009e44     0x14  HMC5983.o [1]
  .rodata             const    0x08009e58     0x10  ICM20601.o [1]
  .rodata             const    0x08009e68     0x10  Motors.o [1]
  .text               ro code  0x08009e78     0x10  startup_stm32f427_437xx.o [1]
  .rodata             const    0x08009e88      0xc  ICM20601.o [1]
  .rodata             const    0x08009e94      0xc  LedSeq.o [1]
  .rodata             const    0x08009ea0      0xc  RadioLink.o [1]
  .rodata             const    0x08009eac      0xc  stabilizer.o [1]
  .text               ro code  0x08009eb8      0xc  cstartup_M.o [5]
  .rodata             const    0x08009ec4      0x8  CRTP.o [1]
  .rodata             const    0x08009ecc      0x8  CRTP.o [1]
  .rodata             const    0x08009ed4      0x8  ICM20601.o [1]
  .rodata             const    0x08009edc      0x8  Motors.o [1]
  .rodata             const    0x08009ee4      0x8  RadioLink.o [1]
  .rodata             const    0x08009eec      0x8  RadioLink.o [1]
  .rodata             const    0x08009ef4      0x8  system.o [1]
  .rodata             const    0x08009efc      0x8  tasks.o [1]
  .rodata             const    0x08009f04      0x8  timers.o [1]
  .rodata             const    0x08009f0c      0x8  timers.o [1]
  .rodata             const    0x08009f14      0x4  BoardDefine.o [1]
  .rodata             const    0x08009f18      0x4  BoardDefine.o [1]
  .rodata             const    0x08009f1c      0x4  port.o [1]
  .text               ro code  0x08009f20      0x4  startup_stm32f427_437xx.o [1]
  .text               ro code  0x08009f24      0x4  startup_stm32f427_437xx.o [1]
  .text               ro code  0x08009f28      0x4  startup_stm32f427_437xx.o [1]
  .text               ro code  0x08009f2c      0x4  startup_stm32f427_437xx.o [1]
  .text               ro code  0x08009f30      0x4  startup_stm32f427_437xx.o [1]
  .text               ro code  0x08009f34      0x4  startup_stm32f427_437xx.o [1]
  .text               ro code  0x08009f38      0x4  startup_stm32f427_437xx.o [1]
  .text               ro code  0x08009f3c      0x4  startup_stm32f427_437xx.o [1]
  .text               ro code  0x08009f40      0x4  startup_stm32f427_437xx.o [1]
  .text               ro code  0x08009f44      0x4  startup_stm32f427_437xx.o [1]
  .text               ro code  0x08009f48      0x4  startup_stm32f427_437xx.o [1]
  .text               ro code  0x08009f4c      0x4  startup_stm32f427_437xx.o [1]
  .text               ro code  0x08009f50      0x4  startup_stm32f427_437xx.o [1]
  .text               ro code  0x08009f54      0x4  startup_stm32f427_437xx.o [1]
  .text               ro code  0x08009f58      0x4  startup_stm32f427_437xx.o [1]
  .text               ro code  0x08009f5c      0x4  startup_stm32f427_437xx.o [1]
  .text               ro code  0x08009f60      0x4  startup_stm32f427_437xx.o [1]
  .text               ro code  0x08009f64      0x4  startup_stm32f427_437xx.o [1]
  .text               ro code  0x08009f68      0x4  startup_stm32f427_437xx.o [1]
  .text               ro code  0x08009f6c      0x4  startup_stm32f427_437xx.o [1]
  .text               ro code  0x08009f70      0x4  startup_stm32f427_437xx.o [1]
  .text               ro code  0x08009f74      0x4  startup_stm32f427_437xx.o [1]
  .text               ro code  0x08009f78      0x4  startup_stm32f427_437xx.o [1]
  .text               ro code  0x08009f7c      0x4  startup_stm32f427_437xx.o [1]
  .text               ro code  0x08009f80      0x4  startup_stm32f427_437xx.o [1]
  .text               ro code  0x08009f84      0x4  startup_stm32f427_437xx.o [1]
  .text               ro code  0x08009f88      0x4  startup_stm32f427_437xx.o [1]
  .text               ro code  0x08009f8c      0x4  startup_stm32f427_437xx.o [1]
  .text               ro code  0x08009f90      0x4  startup_stm32f427_437xx.o [1]
  .text               ro code  0x08009f94      0x4  startup_stm32f427_437xx.o [1]
  .text               ro code  0x08009f98      0x4  startup_stm32f427_437xx.o [1]
  .text               ro code  0x08009f9c      0x4  startup_stm32f427_437xx.o [1]
  .text               ro code  0x08009fa0      0x4  startup_stm32f427_437xx.o [1]
  .text               ro code  0x08009fa4      0x4  startup_stm32f427_437xx.o [1]
  .text               ro code  0x08009fa8      0x4  startup_stm32f427_437xx.o [1]
  .text               ro code  0x08009fac      0x4  startup_stm32f427_437xx.o [1]
  .text               ro code  0x08009fb0      0x4  startup_stm32f427_437xx.o [1]
  .text               ro code  0x08009fb4      0x4  startup_stm32f427_437xx.o [1]
  .text               ro code  0x08009fb8      0x4  startup_stm32f427_437xx.o [1]
  .text               ro code  0x08009fbc      0x4  startup_stm32f427_437xx.o [1]
  .text               ro code  0x08009fc0      0x4  startup_stm32f427_437xx.o [1]
  .text               ro code  0x08009fc4      0x4  startup_stm32f427_437xx.o [1]
  .text               ro code  0x08009fc8      0x4  startup_stm32f427_437xx.o [1]
  .text               ro code  0x08009fcc      0x4  startup_stm32f427_437xx.o [1]
  .text               ro code  0x08009fd0      0x4  startup_stm32f427_437xx.o [1]
  .text               ro code  0x08009fd4      0x4  startup_stm32f427_437xx.o [1]
  .text               ro code  0x08009fd8      0x4  startup_stm32f427_437xx.o [1]
  .text               ro code  0x08009fdc      0x4  startup_stm32f427_437xx.o [1]
  .text               ro code  0x08009fe0      0x4  startup_stm32f427_437xx.o [1]
  .text               ro code  0x08009fe4      0x4  startup_stm32f427_437xx.o [1]
  .text               ro code  0x08009fe8      0x4  startup_stm32f427_437xx.o [1]
  .text               ro code  0x08009fec      0x4  startup_stm32f427_437xx.o [1]
  .text               ro code  0x08009ff0      0x4  startup_stm32f427_437xx.o [1]
  .text               ro code  0x08009ff4      0x4  startup_stm32f427_437xx.o [1]
  .text               ro code  0x08009ff8      0x4  startup_stm32f427_437xx.o [1]
  .text               ro code  0x08009ffc      0x4  startup_stm32f427_437xx.o [1]
  .text               ro code  0x0800a000      0x4  startup_stm32f427_437xx.o [1]
  .text               ro code  0x0800a004      0x4  startup_stm32f427_437xx.o [1]
  .text               ro code  0x0800a008      0x4  startup_stm32f427_437xx.o [1]
  .text               ro code  0x0800a00c      0x4  startup_stm32f427_437xx.o [1]
  .text               ro code  0x0800a010      0x4  startup_stm32f427_437xx.o [1]
  .text               ro code  0x0800a014      0x4  startup_stm32f427_437xx.o [1]
  .text               ro code  0x0800a018      0x4  startup_stm32f427_437xx.o [1]
  .text               ro code  0x0800a01c      0x4  startup_stm32f427_437xx.o [1]
  .text               ro code  0x0800a020      0x4  startup_stm32f427_437xx.o [1]
  .text               ro code  0x0800a024      0x4  startup_stm32f427_437xx.o [1]
  .text               ro code  0x0800a028      0x4  startup_stm32f427_437xx.o [1]
  .text               ro code  0x0800a02c      0x4  startup_stm32f427_437xx.o [1]
  .text               ro code  0x0800a030      0x4  startup_stm32f427_437xx.o [1]
  .text               ro code  0x0800a034      0x4  startup_stm32f427_437xx.o [1]
  .text               ro code  0x0800a038      0x4  startup_stm32f427_437xx.o [1]
  .text               ro code  0x0800a03c      0x4  startup_stm32f427_437xx.o [1]
  .text               ro code  0x0800a040      0x4  startup_stm32f427_437xx.o [1]
  .text               ro code  0x0800a044      0x4  startup_stm32f427_437xx.o [1]
  .text               ro code  0x0800a048      0x4  startup_stm32f427_437xx.o [1]
  .text               ro code  0x0800a04c      0x4  startup_stm32f427_437xx.o [1]
  .text               ro code  0x0800a050      0x4  startup_stm32f427_437xx.o [1]
  .text               ro code  0x0800a054      0x4  startup_stm32f427_437xx.o [1]
  .text               ro code  0x0800a058      0x4  startup_stm32f427_437xx.o [1]
  .text               ro code  0x0800a05c      0x4  startup_stm32f427_437xx.o [1]
  .text               ro code  0x0800a060      0x4  startup_stm32f427_437xx.o [1]
  .text               ro code  0x0800a064      0x4  startup_stm32f427_437xx.o [1]
  .text               ro code  0x0800a068      0x4  startup_stm32f427_437xx.o [1]
  .text               ro code  0x0800a06c      0x4  startup_stm32f427_437xx.o [1]
  .text               ro code  0x0800a070      0x4  startup_stm32f427_437xx.o [1]
  .rodata             const    0x0800a074      0x0  zero_init3.o [5]
  .rodata             const    0x0800a074      0x0  packbits_init.o [5]
  Initializer bytes   const    0x0800a074    0x1d8  <for P4 s0>
                             - 0x0800a24c   0xa0a0

"P3":                                       0x2000
  CSTACK                       0x10000000   0x2000  <Block>
    CSTACK            uninit   0x10000000   0x2000  <Block tail>
                             - 0x10002000   0x2000

"P4", part 1 of 3:                           0x410
  P4 s0                        0x20000000    0x410  <Init block>
    .data             inited   0x20000000     0xf4  position_controller_pid.o [1]
    __DLIB_PERTHREAD  inited   0x200000f4     0x88  localeconv.o [3]
    .data             inited   0x2000017c     0x78  LedSeq.o [1]
    __DLIB_PERTHREAD  inited   0x200001f4     0x74  setlocale.o [3]
    .data             inited   0x20000268     0x40  xfiles.o [3]
    .data             inited   0x200002a8     0x24  LedSeq.o [1]
    .data             inited   0x200002cc     0x18  LedSeq.o [1]
    .data             inited   0x200002e4     0x18  LedSeq.o [1]
    .data             inited   0x200002fc     0x18  LedSeq.o [1]
    .data             inited   0x20000314     0x18  LedSeq.o [1]
    .data             inited   0x2000032c     0x18  LedSeq.o [1]
    .data             inited   0x20000344     0x18  LedSeq.o [1]
    .data             inited   0x2000035c     0x18  position_estimator_altitude.o [1]
    .data             inited   0x20000374     0x14  CRTP.o [1]
    .data             inited   0x20000388     0x14  RadioLink.o [1]
    .data             inited   0x2000039c     0x10  LedSeq.o [1]
    .data             inited   0x200003ac     0x10  LedSeq.o [1]
    .data             inited   0x200003bc     0x10  Motors.o [1]
    .data             inited   0x200003cc     0x10  stm32f4xx_rcc.o [1]
    .data             inited   0x200003dc      0x8  BoardDefine.o [1]
    .data             inited   0x200003e4      0x4  CRTP.o [1]
    .data             inited   0x200003e8      0x4  heap_2.o [1]
    .data             inited   0x200003ec      0x4  port.o [1]
    .data             inited   0x200003f0      0x4  position_controller_pid.o [1]
    .data             inited   0x200003f4      0x4  sensfusion6.o [1]
    .data             inited   0x200003f8      0x4  sensfusion6.o [1]
    .data             inited   0x200003fc      0x4  sensfusion6.o [1]
    .data             inited   0x20000400      0x4  sensfusion6.o [1]
    .data             inited   0x20000404      0x4  system_stm32f4xx.o [1]
    __DLIB_PERTHREAD  inited   0x20000408      0x4  errno.o [3]
    .data             inited   0x2000040c      0x1  commander.o [1]
    .data             inited   0x2000040d      0x1  commander.o [1]
    .data             inited   0x2000040e      0x1  commander.o [1]
    .data             inited   0x2000040f      0x1  controller_pid.o [1]
                             - 0x20000410    0x410

"P4", part 2 of 3:                         0x14a84
  .bss                zero     0x20000410  0x12c00  heap_2.o [1]
  .bss                zero     0x20013010   0x180c  IMU.o [1]
  .bss                zero     0x2001481c     0x64  tasks.o [1]
  .bss                zero     0x20014880     0x50  xfiles.o [3]
  .bss                zero     0x200148d0     0x4c  stabilizer.o [1]
  .bss                zero     0x2001491c     0x48  LedSeq.o [1]
  .bss                zero     0x20014964     0x40  CRTP.o [1]
  .bss                zero     0x200149a4     0x40  CRTP.o [1]
  .bss                zero     0x200149e4     0x40  queue.o [1]
  .bss                zero     0x20014a24     0x40  stabilizer.o [1]
  .bss                zero     0x20014a64     0x40  stabilizer.o [1]
  .bss                zero     0x20014aa4     0x38  attitude_pid_controller.o [1]
  .bss                zero     0x20014adc     0x38  attitude_pid_controller.o [1]
  .bss                zero     0x20014b14     0x38  attitude_pid_controller.o [1]
  .bss                zero     0x20014b4c     0x38  attitude_pid_controller.o [1]
  .bss                zero     0x20014b84     0x38  attitude_pid_controller.o [1]
  .bss                zero     0x20014bbc     0x38  attitude_pid_controller.o [1]
  .bss                zero     0x20014bf4     0x28  commander.o [1]
  .bss                zero     0x20014c1c     0x28  commander.o [1]
  .bss                zero     0x20014c44     0x1c  commander.o [1]
  .bss                zero     0x20014c60     0x14  tasks.o [1]
  .bss                zero     0x20014c74     0x14  tasks.o [1]
  .bss                zero     0x20014c88     0x14  tasks.o [1]
  .bss                zero     0x20014c9c     0x14  tasks.o [1]
  .bss                zero     0x20014cb0     0x14  tasks.o [1]
  .bss                zero     0x20014cc4     0x14  timers.o [1]
  .bss                zero     0x20014cd8     0x14  timers.o [1]
  .bss                zero     0x20014cec     0x10  controller_pid.o [1]
  .bss                zero     0x20014cfc     0x10  controller_pid.o [1]
  .bss                zero     0x20014d0c     0x10  power_distribution.o [1]
  .bss                zero     0x20014d1c     0x10  sensors.o [1]
  .bss                zero     0x20014d2c      0xc  IMU.o [1]
  .bss                zero     0x20014d38      0xc  ms5611.o [1]
  .bss                zero     0x20014d44      0xc  stabilizer.o [1]
  .bss                zero     0x20014d50      0x8  heap_2.o [1]
  .bss                zero     0x20014d58      0x8  heap_2.o [1]
  .bss                zero     0x20014d60      0x8  IMU.o [1]
  .bss                zero     0x20014d68      0x8  IMU.o [1]
  .bss                zero     0x20014d70      0x8  IMU.o [1]
  .bss                zero     0x20014d78      0x8  LedSeq.o [1]
  .bss                zero     0x20014d80      0x8  LedSeq.o [1]
  .bss                zero     0x20014d88      0x8  xxmemxmalloc.o [3]
  .bss                zero     0x20014d90      0x4  commander.o [1]
  .bss                zero     0x20014d94      0x4  commander.o [1]
  .bss                zero     0x20014d98      0x4  commander.o [1]
  .bss                zero     0x20014d9c      0x4  controller_pid.o [1]
  .bss                zero     0x20014da0      0x4  CRTP.o [1]
  .bss                zero     0x20014da4      0x4  CRTP.o [1]
  .bss                zero     0x20014da8      0x4  heap_2.o [1]
  .bss                zero     0x20014dac      0x4  IMU.o [1]
  .bss                zero     0x20014db0      0x4  IMU.o [1]
  .bss                zero     0x20014db4      0x4  IMU.o [1]
  .bss                zero     0x20014db8      0x4  IMU.o [1]
  .bss                zero     0x20014dbc      0x4  IMU.o [1]
  .bss                zero     0x20014dc0      0x4  LedSeq.o [1]
  .bss                zero     0x20014dc4      0x4  Motors.o [1]
  .bss                zero     0x20014dc8      0x4  ms5611.o [1]
  .bss                zero     0x20014dcc      0x4  ms5611.o [1]
  .bss                zero     0x20014dd0      0x4  ms5611.o [1]
  .bss                zero     0x20014dd4      0x4  ms5611.o [1]
  .bss                zero     0x20014dd8      0x4  nRF24L01.o [1]
  .bss                zero     0x20014ddc      0x4  port.o [1]
  .bss                zero     0x20014de0      0x4  RadioLink.o [1]
  .bss                zero     0x20014de4      0x4  RadioLink.o [1]
  .bss                zero     0x20014de8      0x4  RadioLink.o [1]
  .bss                zero     0x20014dec      0x4  RadioLink.o [1]
  .bss                zero     0x20014df0      0x4  RadioLink.o [1]
  .bss                zero     0x20014df4      0x4  sdio_sd.o [1]
  .bss                zero     0x20014df8      0x4  sdio_sd.o [1]
  .bss                zero     0x20014dfc      0x4  sensfusion6.o [1]
  .bss                zero     0x20014e00      0x4  sensfusion6.o [1]
  .bss                zero     0x20014e04      0x4  sensfusion6.o [1]
  .bss                zero     0x20014e08      0x4  sensfusion6.o [1]
  .bss                zero     0x20014e0c      0x4  sensfusion6.o [1]
  .bss                zero     0x20014e10      0x4  sensfusion6.o [1]
  .bss                zero     0x20014e14      0x4  sensfusion6.o [1]
  .bss                zero     0x20014e18      0x4  sensfusion6.o [1]
  .bss                zero     0x20014e1c      0x4  sensfusion6.o [1]
  .bss                zero     0x20014e20      0x4  system.o [1]
  .bss                zero     0x20014e24      0x4  tasks.o [1]
  .bss                zero     0x20014e28      0x4  tasks.o [1]
  .bss                zero     0x20014e2c      0x4  tasks.o [1]
  .bss                zero     0x20014e30      0x4  tasks.o [1]
  .bss                zero     0x20014e34      0x4  tasks.o [1]
  .bss                zero     0x20014e38      0x4  tasks.o [1]
  .bss                zero     0x20014e3c      0x4  tasks.o [1]
  .bss                zero     0x20014e40      0x4  tasks.o [1]
  .bss                zero     0x20014e44      0x4  tasks.o [1]
  .bss                zero     0x20014e48      0x4  tasks.o [1]
  .bss                zero     0x20014e4c      0x4  tasks.o [1]
  .bss                zero     0x20014e50      0x4  tasks.o [1]
  .bss                zero     0x20014e54      0x4  tasks.o [1]
  .bss                zero     0x20014e58      0x4  tasks.o [1]
  .bss                zero     0x20014e5c      0x4  tasks.o [1]
  .bss                zero     0x20014e60      0x4  timers.o [1]
  .bss                zero     0x20014e64      0x4  timers.o [1]
  .bss                zero     0x20014e68      0x4  timers.o [1]
  .bss                zero     0x20014e6c      0x4  timers.o [1]
  .bss                zero     0x20014e70      0x4  timers.o [1]
  .bss                zero     0x20014e74      0x4  xgetmemchunk.o [3]
  .bss                zero     0x20014e78      0x2  attitude_pid_controller.o [1]
  .bss                zero     0x20014e7a      0x2  attitude_pid_controller.o [1]
  .bss                zero     0x20014e7c      0x2  attitude_pid_controller.o [1]
  .bss                zero     0x20014e7e      0x1  attitude_pid_controller.o [1]
  .bss                zero     0x20014e7f      0x1  commander.o [1]
  .bss                zero     0x20014e80      0x1  commander.o [1]
  .bss                zero     0x20014e81      0x1  commander.o [1]
  .bss                zero     0x20014e82      0x1  commander.o [1]
  .bss                zero     0x20014e83      0x1  commander.o [1]
  .bss                zero     0x20014e84      0x1  ComModule.o [1]
  .bss                zero     0x20014e85      0x1  CRTP.o [1]
  .bss                zero     0x20014e86      0x1  IMU.o [1]
  .bss                zero     0x20014e87      0x1  IMU.o [1]
  .bss                zero     0x20014e88      0x1  IMU.o [1]
  .bss                zero     0x20014e89      0x1  IMU.o [1]
  .bss                zero     0x20014e8a      0x1  LedSeq.o [1]
  .bss                zero     0x20014e8b      0x1  Motors.o [1]
  .bss                zero     0x20014e8c      0x1  ms5611.o [1]
  .bss                zero     0x20014e8d      0x1  port.o [1]
  .bss                zero     0x20014e8e      0x1  RadioLink.o [1]
  .bss                zero     0x20014e8f      0x1  sdio_sd.o [1]
  .bss                zero     0x20014e90      0x1  sensfusion6.o [1]
  .bss                zero     0x20014e91      0x1  sensfusion6.o [1]
  .bss                zero     0x20014e92      0x1  stabilizer.o [1]
  .bss                zero     0x20014e93      0x1  system.o [1]
                             - 0x20014e94  0x14a84

"P4", part 3 of 3:                          0x2000
  HEAP                         0x20014e98   0x2000  <Block>
    HEAP              uninit   0x20014e98   0x2000  <Block tail>
                             - 0x20016e98   0x2000


*******************************************************************************
*** INIT TABLE
***

          Address     Size
          -------     ----
Zero (__iar_zero_init3)
    1 destination range, total size 0x14a84:
          0x20000410  0x14a84

Copy/packbits (__iar_packbits_init3)
    1 source range, total size 0x1d8 (45% of destination):
          0x0800a074    0x1d8
    1 destination range, total size 0x410:
          0x20000000    0x410



*******************************************************************************
*** MODULE SUMMARY
***

    Module                         ro code  ro data  rw data
    ------                         -------  -------  -------
F:\朱国华\boot\FlightControllerFreeRTOS\Debug\Obj: [1]
    BoardDefine.o                      912       52        8
    CRTP.o                             428       26      161
    ComModule.o                         92                 1
    HMC5983.o                          500       44
    ICM20601.o                         576       60
    IMU.o                            1 396       28    6 216
    LedSeq.o                           672      162      425
    Motors.o                           832      304       21
    RadioLink.o                        960       37       41
    attitude_pid_controller.o          768               343
    commander.o                      1 252        1      128
    controller_pid.o                   516        1       37
    estimator_complementary.o          176
    filter.o                            44
    heap_2.o                           312        4   76 824
    list.o                             152
    main.o                              56
    misc.o                             128
    ms5611.o                           796                29
    nRF24L01.o                       1 068                 4
    num.o                              128
    pid.o                              274
    port.o                             596        6        9
    portasm.o                          168
    position_controller_pid.o          580      112      248
    position_estimator_altitude.o      280       11       24
    power_distribution.o               400                16
    queue.o                          2 062                64
    sdio_sd.o                          244                 9
    sensfusion6.o                    1 568        7       54
    sensors.o                          128                16
    sitaw.o                             24
    stabilizer.o                       248       12      217
    startup_stm32f427_437xx.o          784
    stm32f4xx_dbgmcu.o                  40
    stm32f4xx_dma.o                     48
    stm32f4xx_exti.o                   184
    stm32f4xx_gpio.o                   276
    stm32f4xx_it.o                      58
    stm32f4xx_rcc.o                    420        7       16
    stm32f4xx_sdio.o                    72
    stm32f4xx_spi.o                    118
    stm32f4xx_syscfg.o                  84
    stm32f4xx_tim.o                  1 206
    stm32f4xx_usart.o                  258
    system.o                           268        8        5
    system_stm32f4xx.o                 384        2        4
    tasks.o                          2 984        8      260
    timers.o                         1 178       16       60
    --------------------------------------------------------
    Total:                          26 698      908   85 240

command line: [2]
    --------------------------------------------------------
    Total:

dl7M_tlf.a: [3]
    abort.o                              6
    div.o                               14
    errno.o                             12        2        4
    exit.o                               4
    localeconv.o                       108       62      136
    low_level_init.o                     4
    printf.o                            36
    putchar.o                           12
    setlocale.o                         20       53      116
    xencoding_sb.o                      96
    xfiles.o                                     29      144
    xgetmemchunk.o                      44                 4
    xmbcurmax.o                         10
    xmbtowc.o                           32
    xprintffull.o                    4 510
    xprout.o                            22
    xtls.o                               2
    xwctomb.o                           26
    xxmemxfree.o                       128
    xxmemxmalloc.o                     176                 8
    --------------------------------------------------------
    Total:                           5 262      146      412

m7M_tls.a: [4]
    DblAdd.o                           232
    DblCmpEq.o                          32
    DblCmpGe.o                          46
    DblCmpLe.o                          46
    DblDiv.o                           598
    DblMul.o                           418
    DblSub.o                           384
    DblToFlt.o                         144
    DblToI32.o                          88
    FltToDbl.o                          78
    I32ToDbl.o                          48
    I64ToDbl.o                          88
    I64ToFlt.o                          98
    asinf.o                             92
    atan2f.o                           106
    cosf.o                               6
    fmodf.o                            230
    fpinit_M.o                          34
    pow.o                            2 256
    sinf.o                               6
    xatanf.o                           164
    xdint.o                            122
    xdnorm.o                            68
    xdscale.o                          276
    xdtest.o                            64
    xexp.o                             710
    xfdint.o                            78
    xfquad.o                           236
    xfsin.o                            360
    xlog.o                             176
    --------------------------------------------------------
    Total:                           7 284

rt7M_tl.a: [5]
    ABImemclr4.o                         6
    ABImemcpy_unaligned.o              118
    ABImemset.o                        102
    ABImemset48.o                       50
    I64DivMod.o                        306
    I64DivZer.o                          2
    cexit.o                             10
    cmain.o                             26
    cstartup_M.o                        12
    data_init.o                         40
    iarEdom.o                           12
    memchr.o                            88
    packbits_init.o                    206
    strchr.o                            22
    strlen.o                            54
    zero_init3.o                        64
    --------------------------------------------------------
    Total:                           1 118

shb_l.a: [6]
    exit.o                              20
    --------------------------------------------------------
    Total:                              20

    Gaps                                64        4
    Linker created                               44   16 384
------------------------------------------------------------
    Grand Total:                    40 446    1 102  102 036


*******************************************************************************
*** ENTRY LIST
***

Entry                      Address     Size  Type      Object
-----                      -------     ----  ----      ------
.iar.init_table$$Base   0x08009d50            --   Gb  - Linker created -
.iar.init_table$$Limit  0x08009d7c            --   Gb  - Linker created -
?main                   0x08009d99           Code  Gb  cmain.o [5]
APBAHBPrescTable        0x200003cc     0x10  Data  Lc  stm32f4xx_rcc.o [1]
BusFault_Handler        0x08009ccf      0x2  Code  Gb  stm32f4xx_it.o [1]
CONN_M1_BL              0x080080b0     0x44  Data  Lc  Motors.o [1]
CONN_M2_BL              0x08009bbc     0x44  Data  Lc  Motors.o [1]
CONN_M3_BL              0x08009c00     0x44  Data  Lc  Motors.o [1]
CONN_M4_BL              0x08009c44     0x44  Data  Lc  Motors.o [1]
CSTACK$$Base            0x10000000            --   Gb  - Linker created -
CSTACK$$Limit           0x10002000            --   Gb  - Linker created -
ComModuleInit           0x0800465d     0x26  Code  Gb  ComModule.o [1]
ComModuleTest           0x08004683     0x32  Code  Gb  ComModule.o [1]
DBGMCU_APB2PeriphConfig
                        0x0800905d     0x20  Code  Gb  stm32f4xx_dbgmcu.o [1]
DMA2_Stream3_IRQHandler
                        0x08009cfb      0x8  Code  Gb  stm32f4xx_it.o [1]
DMAEndOfTransfer        0x20014df8      0x4  Data  Gb  sdio_sd.o [1]
DMA_ClearFlag           0x08009aa5     0x20  Code  Gb  stm32f4xx_dma.o [1]
DebugMon_Handler        0x08009cd3      0x2  Code  Gb  stm32f4xx_it.o [1]
EXTI15_10_IRQHandler    0x08009cd7     0x1c  Code  Gb  stm32f4xx_it.o [1]
EXTI_ClearITPendingBit  0x08007a09      0x6  Code  Gb  stm32f4xx_exti.o [1]
EXTI_GetITStatus        0x080079f3     0x16  Code  Gb  stm32f4xx_exti.o [1]
EXTI_Init               0x0800796d     0x86  Code  Gb  stm32f4xx_exti.o [1]
GPIO_CLK                0x08009f18      0x4  Data  Gb  BoardDefine.o [1]
GPIO_Init               0x08004955     0xa4  Code  Gb  stm32f4xx_gpio.o [1]
GPIO_PIN                0x08009f14      0x4  Data  Gb  BoardDefine.o [1]
GPIO_PORT               0x200003dc      0x8  Data  Gb  BoardDefine.o [1]
GPIO_PinAFConfig        0x08004a19     0x50  Code  Gb  stm32f4xx_gpio.o [1]
GPIO_ResetBits          0x08004a15      0x4  Code  Gb  stm32f4xx_gpio.o [1]
GPIO_SetBits            0x08004a11      0x4  Code  Gb  stm32f4xx_gpio.o [1]
GPIO_StructInit         0x080049f9     0x18  Code  Gb  stm32f4xx_gpio.o [1]
GetPrio                 0x080045dd     0x1e  Code  Lc  LedSeq.o [1]
HEAP$$Base              0x20014e98            --   Gb  - Linker created -
HEAP$$Limit             0x20016e98            --   Gb  - Linker created -
HMC5983_Configure       0x08007efd     0x36  Code  Gb  HMC5983.o [1]
HMC5983_GetFloatData    0x08007f33     0x7a  Code  Gb  HMC5983.o [1]
HMC5983_Init            0x08007ec9     0x34  Code  Gb  HMC5983.o [1]
HMC5983_ReadReg         0x08007e13     0x34  Code  Gb  HMC5983.o [1]
HMC5983_ReadRegs        0x08007e47     0x44  Code  Gb  HMC5983.o [1]
HMC5983_TestConnection  0x08007e8b     0x3e  Code  Gb  HMC5983.o [1]
HMC5983_WriteRegs       0x08007dcd     0x46  Code  Gb  HMC5983.o [1]
HardFault_Handler       0x08009ccb      0x2  Code  Gb  stm32f4xx_it.o [1]
HardwarePeripheralInit  0x0800436d     0x20  Code  Gb  BoardDefine.o [1]
ICM20601GetSixAxisData  0x08007c81     0x72  Code  Gb  ICM20601.o [1]
ICM20601_Init           0x08007d79     0x3e  Code  Gb  ICM20601.o [1]
ICM20601_Offset_Correct
                        0x08007cf3     0x86  Code  Lc  ICM20601.o [1]
ICM20601_ReadReg        0x08007bb5     0x2e  Code  Gb  ICM20601.o [1]
ICM20601_ReadRegs       0x08007c1f     0x40  Code  Gb  ICM20601.o [1]
ICM20601_TestConnection
                        0x08007c5f     0x20  Code  Gb  ICM20601.o [1]
ICM20601_WriteReg       0x08007b8d     0x28  Code  Gb  ICM20601.o [1]
ICM20601_WriteRegs      0x08007be3     0x3c  Code  Gb  ICM20601.o [1]
IMU_Init                0x08005f6d     0xc8  Code  Gb  IMU.o [1]
IMU_Test                0x08006035      0x8  Code  Gb  IMU.o [1]
InStream_StepRegion     0x08009ad5     0x14  Code  Lc  packbits_init.o [5]
LastPacketTick          0x20014dec      0x4  Data  Lc  RadioLink.o [1]
LedseqInit              0x080043bd     0x98  Code  Gb  LedSeq.o [1]
LedseqRun               0x0800445b     0x62  Code  Gb  LedSeq.o [1]
LedseqSem               0x20014dc0      0x4  Data  Lc  LedSeq.o [1]
LedseqTest              0x08004455      0x6  Code  Gb  LedSeq.o [1]
LoadInt                 0x0800081b     0x70  Code  Lc  xprintffull.o [3]
MOTORS                  0x08009e68     0x10  Data  Gb  Motors.o [1]
MS5611_CalcDeltaTemp    0x08006559     0x14  Code  Gb  ms5611.o [1]
MS5611_CalcPressure     0x080065bd     0xce  Code  Gb  ms5611.o [1]
MS5611_CalcTemp         0x0800656d     0x4e  Code  Gb  ms5611.o [1]
MS5611_GetConversion    0x08006507     0x52  Code  Gb  ms5611.o [1]
MS5611_GetData          0x08006705     0xb4  Code  Gb  ms5611.o [1]
MS5611_GetData::savedPress
                        0x20014dd0      0x4  Data  Lc  ms5611.o [1]
MS5611_GetData::savedTemp
                        0x20014dd4      0x4  Data  Lc  ms5611.o [1]
MS5611_PressureToAltitude
                        0x08006691     0x74  Code  Gb  ms5611.o [1]
MS5611_StartConversion  0x080064e1     0x26  Code  Gb  ms5611.o [1]
MemManage_Handler       0x08009ccd      0x2  Code  Gb  stm32f4xx_it.o [1]
NMI_Handler             0x08009cc9      0x2  Code  Gb  stm32f4xx_it.o [1]
NVIC_Init               0x08003eab     0x60  Code  Gb  misc.o [1]
NVIC_PriorityGroupConfig
                        0x08003ea1      0xa  Code  Gb  misc.o [1]
PendSV_Handler          0x080035e9           Code  Gb  portasm.o [1]
RCC_AHB1PeriphClockCmd  0x0800488d     0x20  Code  Gb  stm32f4xx_rcc.o [1]
RCC_APB1PeriphClockCmd  0x080048ad     0x20  Code  Gb  stm32f4xx_rcc.o [1]
RCC_APB1PeriphResetCmd  0x080048ed     0x20  Code  Gb  stm32f4xx_rcc.o [1]
RCC_APB2PeriphClockCmd  0x080048cd     0x20  Code  Gb  stm32f4xx_rcc.o [1]
RCC_APB2PeriphResetCmd  0x0800490d     0x20  Code  Gb  stm32f4xx_rcc.o [1]
RCC_GetClocksFreq       0x080047b1     0xdc  Code  Gb  stm32f4xx_rcc.o [1]
RadioTask               0x08004c9b     0xbe  Code  Lc  RadioLink.o [1]
Region$$Table$$Base     0x08009d50            --   Gb  - Linker created -
Region$$Table$$Limit    0x08009d7c            --   Gb  - Linker created -
RunLedseq               0x080044bd    0x120  Code  Lc  LedSeq.o [1]
SDIO_ClearITPendingBit  0x08009a93      0x6  Code  Gb  stm32f4xx_sdio.o [1]
SDIO_GetITStatus        0x08009a7d     0x16  Code  Gb  stm32f4xx_sdio.o [1]
SDIO_IRQHandler         0x08009cf3      0x8  Code  Gb  stm32f4xx_it.o [1]
SDIO_ITConfig           0x08009a5d     0x20  Code  Gb  stm32f4xx_sdio.o [1]
SD_ProcessDMAIRQ        0x08009a25     0x22  Code  Gb  sdio_sd.o [1]
SD_ProcessIRQSrc        0x08009969     0xbc  Code  Gb  sdio_sd.o [1]
SENSOR_POWER_ENABLE     0x08004109      0xc  Code  Gb  BoardDefine.o [1]
SENSOR_POWER_EN_Init    0x080040c9     0x40  Code  Lc  BoardDefine.o [1]
SPI1_GPIO_Init          0x08004145     0xb4  Code  Lc  BoardDefine.o [1]
SPI1_Init               0x080041f9     0x6a  Code  Gb  BoardDefine.o [1]
SPI1_RW                 0x08004263     0x3a  Code  Gb  BoardDefine.o [1]
SPI_Cmd                 0x08004aa7     0x1c  Code  Gb  stm32f4xx_spi.o [1]
SPI_I2S_GetFlagStatus   0x08004acb     0x14  Code  Gb  stm32f4xx_spi.o [1]
SPI_I2S_ReceiveData     0x08004ac3      0x4  Code  Gb  stm32f4xx_spi.o [1]
SPI_I2S_SendData        0x08004ac7      0x4  Code  Gb  stm32f4xx_spi.o [1]
SPI_Init                0x08004a69     0x3e  Code  Gb  stm32f4xx_spi.o [1]
STM_LED_Init            0x0800402d     0x60  Code  Gb  BoardDefine.o [1]
STM_LED_Set             0x0800408d     0x3c  Code  Gb  BoardDefine.o [1]
STM_Printf_COMInit      0x0800429d     0x7e  Code  Lc  BoardDefine.o [1]
SVC_Handler             0x08003641           Code  Gb  portasm.o [1]
SYSCFG_EXTILineConfig   0x08007919     0x4e  Code  Gb  stm32f4xx_syscfg.o [1]
SetSysClock             0x0800983b     0xf6  Code  Lc  system_stm32f4xx.o [1]
SpiByte_RW              0x08005b35     0x3a  Code  Lc  nRF24L01.o [1]
StartMutex              0x20014e20      0x4  Data  Gb  system.o [1]
SysTick_Handler         0x0800304b     0x28  Code  Gb  port.o [1]
SystemCoreClock         0x20000404      0x4  Data  Gb  system_stm32f4xx.o [1]
SystemInit              0x080097e9     0x52  Code  Gb  system_stm32f4xx.o [1]
TIM1_UP_TIM10_IRQHandler
                        0x08009cd5      0x2  Code  Gb  stm32f4xx_it.o [1]
TIM_Cmd                 0x08008d9d     0x1c  Code  Gb  stm32f4xx_tim.o [1]
TIM_CtrlPWMOutputs      0x08009039     0x22  Code  Gb  stm32f4xx_tim.o [1]
TIM_DeInit              0x08008ba5    0x178  Code  Gb  stm32f4xx_tim.o [1]
TIM_GetCapture1         0x08009029      0x4  Code  Gb  stm32f4xx_tim.o [1]
TIM_GetCapture2         0x0800902d      0x4  Code  Gb  stm32f4xx_tim.o [1]
TIM_GetCapture3         0x08009031      0x4  Code  Gb  stm32f4xx_tim.o [1]
TIM_GetCapture4         0x08009035      0x4  Code  Gb  stm32f4xx_tim.o [1]
TIM_OC1Init             0x08008db9     0x78  Code  Gb  stm32f4xx_tim.o [1]
TIM_OC1PreloadConfig    0x08008fe5     0x10  Code  Gb  stm32f4xx_tim.o [1]
TIM_OC2Init             0x08008e31     0x86  Code  Gb  stm32f4xx_tim.o [1]
TIM_OC2PreloadConfig    0x08008ff5     0x12  Code  Gb  stm32f4xx_tim.o [1]
TIM_OC3Init             0x08008eb7     0x84  Code  Gb  stm32f4xx_tim.o [1]
TIM_OC3PreloadConfig    0x08009007     0x10  Code  Gb  stm32f4xx_tim.o [1]
TIM_OC4Init             0x08008f3b     0x62  Code  Gb  stm32f4xx_tim.o [1]
TIM_OC4PreloadConfig    0x08009017     0x12  Code  Gb  stm32f4xx_tim.o [1]
TIM_SetCompare1         0x08008fd5      0x4  Code  Gb  stm32f4xx_tim.o [1]
TIM_SetCompare2         0x08008fd9      0x4  Code  Gb  stm32f4xx_tim.o [1]
TIM_SetCompare3         0x08008fdd      0x4  Code  Gb  stm32f4xx_tim.o [1]
TIM_SetCompare4         0x08008fe1      0x4  Code  Gb  stm32f4xx_tim.o [1]
TIM_TimeBaseInit        0x08008d1d     0x68  Code  Gb  stm32f4xx_tim.o [1]
TIM_TimeBaseStructInit  0x08008d85     0x18  Code  Gb  stm32f4xx_tim.o [1]
TransferEnd             0x20014df4      0x4  Data  Gb  sdio_sd.o [1]
TransferError           0x20014e8f      0x1  Data  Gb  sdio_sd.o [1]
USART_Cmd               0x08004ba5     0x1c  Code  Gb  stm32f4xx_usart.o [1]
USART_Config            0x0800431b     0x32  Code  Lc  BoardDefine.o [1]
USART_GetFlagStatus     0x08004bc9     0x1a  Code  Gb  stm32f4xx_usart.o [1]
USART_Init              0x08004ae1     0xb6  Code  Gb  stm32f4xx_usart.o [1]
USART_SendData          0x08004bc1      0x8  Code  Gb  stm32f4xx_usart.o [1]
UpdateActive            0x080045fb     0x44  Code  Lc  LedSeq.o [1]
UsageFault_Handler      0x08009cd1      0x2  Code  Gb  stm32f4xx_it.o [1]
VBUS_Init               0x08004115     0x30  Code  Lc  BoardDefine.o [1]
_EncodingSb_Mbtowc      0x08001f7f     0x30  Code  Gb  xencoding_sb.o [3]
_EncodingSb_Mbtowc::initial
                        0x08001fbc      0x8  Data  Lc  xencoding_sb.o [3]
_EncodingSb_Wctomb      0x08001f65     0x1a  Code  Gb  xencoding_sb.o [3]
_EncodingSb_Wctomb::initial
                        0x08001fb4      0x8  Data  Lc  xencoding_sb.o [3]
_GenldFull              0x080010ad    0x254  Code  Lc  xprintffull.o [3]
_IsdstStr               0x200001f8      0x4  Data  Gb  setlocale.o [3]
_LdtobFull              0x08000ca1    0x406  Code  Lc  xprintffull.o [3]
_LitobFull              0x08000b97    0x10a  Code  Lc  xprintffull.o [3]
_LocaleEncoding         0x08001f51      0xe  Code  Gb  setlocale.o [3]
_LocaleReturnString     0x20000218     0x50  Data  Lc  setlocale.o [3]
_Locale_Profile         0x200001fc     0x1c  Data  Gb  setlocale.o [3]
_Locale_aeabi_lconv     0x20000144     0x38  Data  Gb  localeconv.o [3]
_Locale_lconv           0x200000f4     0x50  Data  Gb  localeconv.o [3]
_Mbtowc                 0x0800134b     0x20  Code  Gb  xmbtowc.o [3]
_PrintfFull             0x080001ad    0x658  Code  Gb  xprintffull.o [3]
_Prout                  0x08009df9     0x16  Code  Gb  xprout.o [3]
_PutcharsFull           0x08001301     0x2e  Code  Lc  xprintffull.o [3]
_PutstrFull             0x0800088b    0x306  Code  Lc  xprintffull.o [3]
_TzoneStr               0x200001f4      0x4  Data  Gb  setlocale.o [3]
_Wctomb                 0x080014d1     0x1a  Code  Gb  xwctomb.o [3]
__aeabi_cdcmpeq         0x08009229           Code  Gb  DblCmpEq.o [4]
__aeabi_cdcmple         0x0800175d           Code  Gb  DblCmpLe.o [4]
__aeabi_cdrcmple        0x0800178d           Code  Gb  DblCmpGe.o [4]
__aeabi_d2f             0x08007285           Code  Gb  DblToFlt.o [4]
__aeabi_d2iz            0x080018d1           Code  Gb  DblToI32.o [4]
__aeabi_d2uiz           0x080018fd           Code  Gb  DblToI32.o [4]
__aeabi_dadd            0x08001ff5           Code  Gb  DblAdd.o [4]
__aeabi_ddiv            0x08001c7d           Code  Gb  DblDiv.o [4]
__aeabi_dmul            0x08001ad9           Code  Gb  DblMul.o [4]
__aeabi_dsub            0x08001959           Code  Gb  DblSub.o [4]
__aeabi_errno_addr      0x08009085      0x6  Code  Gb  errno.o [3]
__aeabi_f2d             0x08007235           Code  Gb  FltToDbl.o [4]
__aeabi_i2d             0x08001929           Code  Gb  I32ToDbl.o [4]
__aeabi_l2d             0x08008059           Code  Gb  I64ToDbl.o [4]
__aeabi_l2f             0x08007fc9           Code  Gb  I64ToFlt.o [4]
__aeabi_ldiv0           0x08001ff1           Code  Gb  I64DivZer.o [5]
__aeabi_ldivmod         0x080015e5           Code  Gb  I64DivMod.o [5]
__aeabi_memclr4         0x08007fc1           Code  Gb  ABImemclr4.o [5]
__aeabi_memset          0x08002dc1           Code  Gb  ABImemset.o [5]
__aeabi_ui2d            0x0800193d           Code  Gb  I32ToDbl.o [4]
__aeabi_ul2f            0x08007fe5           Code  Gb  I64ToFlt.o [4]
__aeabi_uldivmod        0x08001629           Code  Gb  I64DivMod.o [5]
__cmain                 0x08009d99           Code  Gb  cmain.o [5]
__data_Aldata           0x20014d88      0x8  Data  Gb  xxmemxmalloc.o [3]
__data_GetMemChunk      0x08001fc5     0x2c  Code  Gb  xgetmemchunk.o [3]
__data_GetMemChunk::start
                        0x20014e74      0x4  Data  Lc  xgetmemchunk.o [3]
__exit                  0x08009ba9     0x14  Code  Gb  exit.o [6]
__iar_Dint              0x080091af     0x7a  Code  Gb  xdint.o [4]
__iar_Dnorm             0x08001717     0x44  Code  Gb  xdnorm.o [4]
__iar_Dscale            0x080017bd    0x114  Code  Gb  xdscale.o [4]
__iar_Dtest             0x080097a7     0x30  Code  Gb  xdtest.o [4]
__iar_Errno             0x20000408      0x4  Data  Gb  errno.o [3]
__iar_Exp               0x080092f9    0x2be  Code  Gb  xexp.o [4]
__iar_FDint             0x08009671     0x4e  Code  Gb  xfdint.o [4]
__iar_FQuad             0x08009091     0xc2  Code  Gb  xfquad.o [4]
__iar_FSin              0x08007a25    0x126  Code  Gb  xfsin.o [4]
__iar_Locale_lconv_init
                        0x08001ed5     0x3a  Code  Gb  localeconv.o [3]
__iar_Logpoly           0x08009249     0x76  Code  Gb  xlog.o [4]
__iar_Mbcurmax          0x08001415      0xa  Code  Gb  xmbcurmax.o [3]
__iar_Memchr            0x080013bd           Code  Gb  memchr.o [5]
__iar_Memset            0x08002dc1           Code  Gb  ABImemset.o [5]
__iar_Memset4_word      0x0800917d           Code  Gb  ABImemset48.o [5]
__iar_Memset8_word      0x0800917d           Code  Gb  ABImemset48.o [5]
__iar_Memset_word       0x08002dc9           Code  Gb  ABImemset.o [5]
__iar_Stdout            0x20000268     0x40  Data  Gb  xfiles.o [3]
__iar_Strchr            0x0800136d           Code  Gb  strchr.o [5]
__iar_d2uiz             0x08001909           Code  Gb  DblToI32.o [4]
__iar_dadd              0x08002009           Code  Gb  DblAdd.o [4]
__iar_data_init3        0x08009d05     0x28  Code  Gb  data_init.o [5]
__iar_dlib_perthread_access
                        0x080020dd      0x2  Code  Gb  xtls.o [3]
__iar_dsub              0x0800196d           Code  Gb  DblSub.o [4]
__iar_dsubStart         0x0800197f           Code  Gb  DblSub.o [4]
__iar_edom              0x08009665           Code  Gb  iarEdom.o [5]
__iar_init_vfp          0x08009d2d           Code  Gb  fpinit_M.o [4]
__iar_packbits_init3    0x08009ae9     0xba  Code  Gb  packbits_init.o [5]
__iar_program_start     0x08009eb9           Code  Gb  cstartup_M.o [5]
__iar_ui2d              0x08001941           Code  Gb  I32ToDbl.o [4]
__iar_ul2d              0x08008075           Code  Gb  I64ToDbl.o [4]
__iar_ul2f              0x08007ff1           Code  Gb  I64ToFlt.o [4]
__iar_unaligned___aeabi_memcpy
                        0x080014ed           Code  Gb  ABImemcpy_unaligned.o [5]
__iar_unaligned___aeabi_memcpy4
                        0x0800150d           Code  Gb  ABImemcpy_unaligned.o [5]
__iar_unaligned___aeabi_memcpy8
                        0x0800150d           Code  Gb  ABImemcpy_unaligned.o [5]
__iar_vfp_fmodf         0x080096c1           Code  Gb  fmodf.o [4]
__iar_vfp_pow           0x0800858b     0x18  Code  Gb  pow.o [4]
__iar_xatanf            0x080095c1           Code  Gb  xatanf.o [4]
__iar_zero_init3        0x08009c89     0x40  Code  Gb  zero_init3.o [5]
__low_level_init        0x08009db3      0x4  Code  Gb  low_level_init.o [3]
__vector_table          0x08000000           Data  Gb  startup_stm32f427_437xx.o [1]
_call_main              0x08009da5           Code  Gb  cmain.o [5]
_exit                   0x08009dbd           Code  Gb  cexit.o [5]
_main                   0x08009daf           Code  Gb  cmain.o [5]
abort                   0x08009ba3      0x6  Code  Gb  abort.o [3]
accelLPF                0x20014d70      0x8  Data  Lc  IMU.o [1]
accelMpu                0x20014d68      0x8  Data  Lc  IMU.o [1]
accelStoredFilterValues
                        0x20014d2c      0xc  Data  Lc  IMU.o [1]
activeCache             0x20014d90      0x4  Data  Lc  commander.o [1]
activeSeq               0x20014d78      0x8  Data  Lc  LedSeq.o [1]
actuatorThrust          0x20014d9c      0x4  Data  Lc  controller_pid.o [1]
altHoldMode             0x20014e81      0x1  Data  Lc  commander.o [1]
asinf                   0x08008a35           Code  Gb  asinf.o [4]
atan2f                  0x080089c9           Code  Gb  atan2f.o [4]
attitudeControllerCorrectAttitudePID
                        0x080070d5     0xc2  Code  Gb  attitude_pid_controller.o [1]
attitudeControllerCorrectRatePID
                        0x08007059     0x7a  Code  Gb  attitude_pid_controller.o [1]
attitudeControllerGetActuatorOutput
                        0x080071d5     0x14  Code  Gb  attitude_pid_controller.o [1]
attitudeControllerInit  0x08006f69     0xea  Code  Gb  attitude_pid_controller.o [1]
attitudeControllerResetAllPID
                        0x080071a1     0x28  Code  Gb  attitude_pid_controller.o [1]
attitudeControllerTest  0x08007053      0x6  Code  Gb  attitude_pid_controller.o [1]
attitudeDesired         0x20014cec     0x10  Data  Lc  controller_pid.o [1]
baseZacc                0x20000400      0x4  Data  Lc  sensfusion6.o [1]
calReg                  0x20014d38      0xc  Data  Lc  ms5611.o [1]
callbacks               0x200149a4     0x40  Data  Lc  CRTP.o [1]
carefreeResetFront      0x20014e83      0x1  Data  Lc  commander.o [1]
commanderCacheSelectorUpdate
                        0x0800527b     0x86  Code  Lc  commander.o [1]
commanderCrtpCB         0x08005301     0x68  Code  Lc  commander.o [1]
commanderDropToGround   0x08005265     0x16  Code  Lc  commander.o [1]
commanderGetActivePitch
                        0x08005213     0x1a  Code  Lc  commander.o [1]
commanderGetActiveRoll  0x080051f9     0x1a  Code  Lc  commander.o [1]
commanderGetActiveThrust
                        0x080051db     0x1e  Code  Lc  commander.o [1]
commanderGetActiveYaw   0x0800522d     0x1a  Code  Lc  commander.o [1]
commanderGetSetpoint    0x08005451    0x148  Code  Gb  commander.o [1]
commanderInit           0x0800540b     0x34  Code  Gb  commander.o [1]
commanderLevelRPY       0x08005249     0x1c  Code  Lc  commander.o [1]
commanderSendStateRemote
                        0x08005599     0x6c  Code  Gb  commander.o [1]
commanderSetActivePitch
                        0x080051a7     0x1a  Code  Lc  commander.o [1]
commanderSetActiveRoll  0x0800518d     0x1a  Code  Lc  commander.o [1]
commanderSetActiveThrust
                        0x08005175     0x18  Code  Lc  commander.o [1]
commanderSetActiveYaw   0x080051c1     0x1a  Code  Lc  commander.o [1]
commanderTest           0x0800543f      0xc  Code  Gb  commander.o [1]
control                 0x20014d44      0xc  Data  Gb  stabilizer.o [1]
cosPitch                0x20014db0      0x4  Data  Lc  IMU.o [1]
cosRoll                 0x20014db8      0x4  Data  Lc  IMU.o [1]
cosf                    0x08005f61      0x6  Code  Gb  cosf.o [4]
crtpCache               0x20014bf4     0x28  Data  Lc  commander.o [1]
crtpInit                0x08004fc9     0x4e  Code  Gb  CRTP.o [1]
crtpInitTaskQueue       0x0800501d     0x18  Code  Gb  CRTP.o [1]
crtpRegisterPortCB      0x0800510d      0xc  Code  Gb  CRTP.o [1]
crtpRxTask              0x08005085     0x88  Code  Lc  CRTP.o [1]
crtpRxTask::droppedPacket
                        0x20014da4      0x4  Data  Lc  CRTP.o [1]
crtpSendPacket          0x08005035     0x12  Code  Gb  CRTP.o [1]
crtpSetLink             0x08005119     0x32  Code  Gb  CRTP.o [1]
crtpTest                0x08005017      0x6  Code  Gb  CRTP.o [1]
crtpTxTask              0x08005049     0x3a  Code  Lc  CRTP.o [1]
crtp_txQueue            0x20014da0      0x4  Data  Lc  CRTP.o [1]
dataRdy                 0x20014de0      0x4  Data  Lc  RadioLink.o [1]
deadband                0x080078b1     0x62  Code  Gb  num.o [1]
div                     0x08001f41      0xe  Code  Gb  div.o [3]
estimatedGravityDirection
                        0x08006d33     0x9e  Code  Lc  sensfusion6.o [1]
exit                    0x08009db7      0x4  Code  Gb  exit.o [3]
extrxCache              0x20014c1c     0x28  Data  Lc  commander.o [1]
f2b                     0x20014c44     0x1c  Data  Gb  commander.o [1]
fly_state               0x20014a64     0x40  Data  Gb  stabilizer.o [1]
fmodf                   0x080096c5           Code  Gb  fmodf.o [4]
fputc                   0x0800434d     0x20  Code  Gb  BoardDefine.o [1]
free                    0x08001565     0x7a  Code  Gb  xxmemxfree.o [3]
gravX                   0x20014e14      0x4  Data  Lc  sensfusion6.o [1]
gravY                   0x20014e18      0x4  Data  Lc  sensfusion6.o [1]
gravZ                   0x20014e1c      0x4  Data  Lc  sensfusion6.o [1]
gyroBias                0x20013010   0x180c  Data  Lc  IMU.o [1]
gyroMpu                 0x20014d60      0x8  Data  Lc  IMU.o [1]
heapSTRUCT_SIZE         0x0800136a      0x2  Data  Lc  heap_2.o [1]
iirLPFilterSingle       0x0800802b     0x2c  Code  Gb  filter.o [1]
imu6IsCalibrated        0x08006151      0x8  Code  Gb  IMU.o [1]
imu6Read                0x0800603d    0x114  Code  Gb  IMU.o [1]
imu9Read                0x08006159     0x34  Code  Gb  IMU.o [1]
imuAccIIRLPFilter       0x080064a9     0x38  Code  Lc  IMU.o [1]
imuAccLpfAttFactor      0x20014e86      0x1  Data  Lc  IMU.o [1]
imuAddBiasValue         0x08006379     0x30  Code  Lc  IMU.o [1]
imuBiasInit             0x08006193      0xc  Code  Lc  IMU.o [1]
imuCalculateVarianceAndMean
                        0x080061a1    0x1d2  Code  Lc  IMU.o [1]
imuFindBiasValue        0x080063a9     0x9e  Code  Lc  IMU.o [1]
imuHasBarometer         0x0800618d      0x6  Code  Gb  IMU.o [1]
integralFBx             0x20014dfc      0x4  Data  Gb  sensfusion6.o [1]
integralFBy             0x20014e00      0x4  Data  Gb  sensfusion6.o [1]
integralFBz             0x20014e04      0x4  Data  Gb  sensfusion6.o [1]
internal_Pow            0x080080f9    0x488  Code  Lc  pow.o [4]
interruptCallback       0x08004eaf     0x28  Code  Lc  RadioLink.o [1]
interruptCb             0x20014dd8      0x4  Data  Lc  nRF24L01.o [1]
invSqrt                 0x08006ce3     0x30  Code  Lc  sensfusion6.o [1]
isCalibrated            0x20014e91      0x1  Data  Lc  sensfusion6.o [1]
isHmc5983lPresent       0x20014e87      0x1  Data  Lc  IMU.o [1]
isInit                  0x20014e7e      0x1  Data  Lc  attitude_pid_controller.o [1]
isInit                  0x20014e7f      0x1  Data  Lc  commander.o [1]
isInit                  0x20014e84      0x1  Data  Lc  ComModule.o [1]
isInit                  0x20014e85      0x1  Data  Lc  CRTP.o [1]
isInit                  0x20014e89      0x1  Data  Lc  IMU.o [1]
isInit                  0x20014e8a      0x1  Data  Lc  LedSeq.o [1]
isInit                  0x20014e8b      0x1  Data  Lc  Motors.o [1]
isInit                  0x20014e8e      0x1  Data  Lc  RadioLink.o [1]
isInit                  0x20014e90      0x1  Data  Lc  sensfusion6.o [1]
isInit                  0x20014e92      0x1  Data  Lc  stabilizer.o [1]
isInit                  0x20014e93      0x1  Data  Lc  system.o [1]
isMs5611Present         0x20014e88      0x1  Data  Lc  IMU.o [1]
lastConv                0x20014dc8      0x4  Data  Lc  ms5611.o [1]
lastUpdate              0x20014d94      0x4  Data  Lc  commander.o [1]
limitUint16             0x08007899     0x16  Code  Gb  num.o [1]
link                    0x200003e4      0x4  Data  Lc  CRTP.o [1]
lnbias                  0x080085a8    0x420  Data  Lc  pow.o [4]
localeconv              0x08001f0f     0x16  Code  Gb  localeconv.o [3]
main                    0x080035af     0x14  Code  Gb  main.o [1]
malloc                  0x08001421     0xac  Code  Gb  xxmemxmalloc.o [3]
memchr                  0x080013bd           Code  Gb  memchr.o [5]
motorMap                0x20014dc4      0x4  Data  Gb  Motors.o [1]
motorMapDefaltConBrushless
                        0x200003bc     0x10  Data  Gb  Motors.o [1]
motorPower              0x20014d0c     0x10  Data  Lc  power_distribution.o [1]
motorsBLConv16ToBits    0x08007559     0x1a  Code  Lc  Motors.o [1]
motorsBeep              0x08007813     0x70  Code  Gb  Motors.o [1]
motorsConv16ToBits      0x08007573      0x6  Code  Lc  Motors.o [1]
motorsDeInit            0x0800770f     0x5a  Code  Gb  Motors.o [1]
motorsInit              0x08007579    0x196  Code  Gb  Motors.o [1]
motorsSetRatio          0x08007769     0x58  Code  Gb  Motors.o [1]
motorsTest              0x080077c1     0x52  Code  Gb  Motors.o [1]
nopFunc                 0x08005171      0x4  Code  Lc  CRTP.o [1]
nopLink                 0x20000374     0x14  Data  Lc  CRTP.o [1]
nrf24l01Check           0x08004e67     0x48  Code  Lc  RadioLink.o [1]
nrfActivate             0x08005cb3     0x2a  Code  Gb  nRF24L01.o [1]
nrfFlushRx              0x08005c2f     0x2e  Code  Gb  nRF24L01.o [1]
nrfFlushTx              0x08005c5d     0x2c  Code  Gb  nRF24L01.o [1]
nrfIsr                  0x08005f37     0x12  Code  Gb  nRF24L01.o [1]
nrfReadBuf              0x08005b6f     0x4e  Code  Gb  nRF24L01.o [1]
nrfReadReg              0x08005c0f     0x12  Code  Gb  nRF24L01.o [1]
nrfRxLength             0x08005c89     0x2a  Code  Gb  nRF24L01.o [1]
nrfRxPayload            0x08005d2b     0x44  Code  Gb  nRF24L01.o [1]
nrfSetChannel           0x08005d6f     0x14  Code  Gb  nRF24L01.o [1]
nrfSetDateRate          0x08005d83     0x22  Code  Gb  nRF24L01.o [1]
nrfSetEnable            0x08005dcb     0x20  Code  Gb  nRF24L01.o [1]
nrfSetInterruptCallback
                        0x08005f49      0x6  Code  Gb  nRF24L01.o [1]
nrfSetRxAddress         0x08005db3     0x18  Code  Gb  nRF24L01.o [1]
nrfSetTxAddress         0x08005da5      0xe  Code  Gb  nRF24L01.o [1]
nrfSpiInit              0x08005deb    0x14c  Code  Gb  nRF24L01.o [1]
nrfWriteAck             0x08005cdd     0x4e  Code  Gb  nRF24L01.o [1]
nrfWriteBuf             0x08005bbd     0x52  Code  Gb  nRF24L01.o [1]
nrfWriteReg             0x08005c21      0xe  Code  Gb  nRF24L01.o [1]
obuf                    0x20014880     0x50  Data  Lc  xfiles.o [3]
pcInterruptPriorityRegisters
                        0x08009f1c      0x4  Data  Lc  port.o [1]
pidInit                 0x08008a91     0x2e  Code  Gb  pid.o [1]
pidPitch                0x20014b84     0x38  Data  Gb  attitude_pid_controller.o [1]
pidPitchRate            0x20014adc     0x38  Data  Gb  attitude_pid_controller.o [1]
pidReset                0x08008b7b     0x12  Code  Gb  pid.o [1]
pidRoll                 0x20014b4c     0x38  Data  Gb  attitude_pid_controller.o [1]
pidRollRate             0x20014aa4     0x38  Data  Gb  attitude_pid_controller.o [1]
pidSetDesired           0x08008b8d      0x6  Code  Gb  pid.o [1]
pidSetError             0x08008b9d      0x6  Code  Gb  pid.o [1]
pidSetIntegralLimit     0x08008b75      0x6  Code  Gb  pid.o [1]
pidUpdate               0x08008abf     0xb6  Code  Gb  pid.o [1]
pidYaw                  0x20014bbc     0x38  Data  Gb  attitude_pid_controller.o [1]
pidYawRate              0x20014b14     0x38  Data  Gb  attitude_pid_controller.o [1]
pitchOutput             0x20014e7a      0x2  Data  Gb  attitude_pid_controller.o [1]
posHoldMode             0x20014e82      0x1  Data  Lc  commander.o [1]
position                0x20014d1c     0x10  Data  Lc  sensors.o [1]
positionController      0x080073a5    0x198  Code  Gb  position_controller_pid.o [1]
positionEstimate        0x08006e1d      0xa  Code  Gb  position_estimator_altitude.o [1]
positionEstimateInternal
                        0x08006e31     0x98  Code  Lc  position_estimator_altitude.o [1]
positionUpdateVelocity  0x08006e27      0xa  Code  Gb  position_estimator_altitude.o [1]
positionUpdateVelocityInternal
                        0x08006ec9     0x5a  Code  Lc  position_estimator_altitude.o [1]
powerDistribution       0x080059a7    0x16e  Code  Gb  power_distribution.o [1]
powerDistributionInit   0x0800598d      0xa  Code  Gb  power_distribution.o [1]
powerDistributionTest   0x08005997     0x10  Code  Gb  power_distribution.o [1]
printf                  0x08004be5     0x24  Code  Gb  printf.o [3]
prvAddCurrentTaskToDelayedList
                        0x08002bc9     0x80  Code  Lc  tasks.o [1]
prvAddNewTaskToReadyList
                        0x0800220d     0xc0  Code  Lc  tasks.o [1]
prvCheckForValidListAndQueue
                        0x08003513     0x4c  Code  Lc  timers.o [1]
prvCheckTasksWaitingTermination
                        0x0800296f     0x64  Code  Lc  tasks.o [1]
prvCopyDataFromQueue    0x08003d55     0x2a  Code  Lc  queue.o [1]
prvCopyDataToQueue      0x08003ccf     0x86  Code  Lc  queue.o [1]
prvDeleteTCB            0x080029d3     0x12  Code  Lc  tasks.o [1]
prvGetNextExpireTime    0x08003331     0x28  Code  Lc  timers.o [1]
prvHeapInit             0x08002d7d     0x26  Code  Lc  heap_2.o [1]
prvIdleTask             0x080028e5     0x28  Code  Lc  tasks.o [1]
prvInitialiseMutex      0x0800378f     0x1e  Code  Lc  queue.o [1]
prvInitialiseNewQueue   0x0800376d     0x22  Code  Lc  queue.o [1]
prvInitialiseNewTask    0x08002157     0xb6  Code  Lc  tasks.o [1]
prvInitialiseNewTimer   0x08003191     0x50  Code  Lc  timers.o [1]
prvInitialiseTaskLists  0x08002915     0x5a  Code  Lc  tasks.o [1]
prvInsertTimerInActiveList
                        0x08003381     0x3e  Code  Lc  timers.o [1]
prvIsQueueEmpty         0x08003ded     0x1c  Code  Lc  queue.o [1]
prvIsQueueFull          0x08003e09     0x1e  Code  Lc  queue.o [1]
prvProcessExpiredTimer  0x0800324f     0x5a  Code  Lc  timers.o [1]
prvProcessReceivedCommands
                        0x080033bf     0xd6  Code  Lc  timers.o [1]
prvProcessTimerOrBlockTask
                        0x080032c1     0x70  Code  Lc  timers.o [1]
prvResetNextTaskUnblockTime
                        0x080029e5     0x28  Code  Lc  tasks.o [1]
prvSampleTimeNow        0x08003359     0x28  Code  Lc  timers.o [1]
prvSampleTimeNow::xLastTime
                        0x20014e70      0x4  Data  Lc  timers.o [1]
prvSwitchTimerLists     0x08003495     0x7e  Code  Lc  timers.o [1]
prvTaskExitError        0x08002ee9     0x2a  Code  Lc  port.o [1]
prvTimerTask            0x080032ad     0x14  Code  Lc  timers.o [1]
prvUnlockQueue          0x08003d7f     0x6e  Code  Lc  queue.o [1]
putchar                 0x08009e11      0xc  Code  Gb  putchar.o [3]
pvPortMalloc            0x08002c89     0xb8  Code  Gb  heap_2.o [1]
pvPortMalloc::xHeapHasBeenInitialised
                        0x20014da8      0x4  Data  Lc  heap_2.o [1]
pvTaskIncrementMutexHeldCount
                        0x08002b87     0x1e  Code  Gb  tasks.o [1]
pvTimerGetTimerID       0x08003589     0x26  Code  Gb  timers.o [1]
pxCurrentTCB            0x20014e24      0x4  Data  Gb  tasks.o [1]
pxCurrentTimerList      0x20014e60      0x4  Data  Lc  timers.o [1]
pxDelayedTaskList       0x20014e28      0x4  Data  Lc  tasks.o [1]
pxOverflowDelayedTaskList
                        0x20014e2c      0x4  Data  Lc  tasks.o [1]
pxOverflowTimerList     0x20014e64      0x4  Data  Lc  timers.o [1]
pxPortInitialiseStack   0x08002ec1     0x28  Code  Gb  port.o [1]
pxReadyTasksLists       0x2001481c     0x64  Data  Lc  tasks.o [1]
q0                      0x200003fc      0x4  Data  Gb  sensfusion6.o [1]
q1                      0x20014e08      0x4  Data  Gb  sensfusion6.o [1]
q2                      0x20014e0c      0x4  Data  Gb  sensfusion6.o [1]
q3                      0x20014e10      0x4  Data  Gb  sensfusion6.o [1]
queues                  0x20014964     0x40  Data  Lc  CRTP.o [1]
radioIsConnected        0x08004c6f     0x1a  Code  Lc  RadioLink.o [1]
radioOp                 0x20000388     0x14  Data  Lc  RadioLink.o [1]
radioReceivePacket      0x08004c4d     0x22  Code  Gb  RadioLink.o [1]
radioReset              0x08004c89     0x12  Code  Gb  RadioLink.o [1]
radioSendPacket         0x08004c1f     0x2e  Code  Gb  RadioLink.o [1]
radioSetEnable          0x08004c09     0x16  Code  Gb  RadioLink.o [1]
radiolinkGetLink        0x08004f83      0x4  Code  Gb  RadioLink.o [1]
radiolinkInit           0x08004ed7     0xa6  Code  Gb  RadioLink.o [1]
radiolinkInitNRF24L01P  0x08004d59    0x10e  Code  Lc  RadioLink.o [1]
radiolinkTest           0x08004f7d      0x6  Code  Gb  RadioLink.o [1]
rateDesired             0x20014cfc     0x10  Data  Lc  controller_pid.o [1]
readState               0x20014e8c      0x1  Data  Lc  ms5611.o [1]
rollOutput              0x20014e78      0x2  Data  Gb  attitude_pid_controller.o [1]
rotateYaw               0x08005369     0x46  Code  Lc  commander.o [1]
rotateYawCarefree       0x080053b1     0x32  Code  Lc  commander.o [1]
rotateYawCarefree::carefreeFrontAngle
                        0x20014d98      0x4  Data  Lc  commander.o [1]
rpLimit                 0x200003f0      0x4  Data  Lc  position_controller_pid.o [1]
runPid                  0x08007315     0x90  Code  Lc  position_controller_pid.o [1]
rxQueue                 0x20014de8      0x4  Data  Lc  RadioLink.o [1]
saturateSignedInt16     0x08006f35     0x32  Code  Lc  attitude_pid_controller.o [1]
sensfusion6GetAccZ      0x08006d13     0x20  Code  Lc  sensfusion6.o [1]
sensfusion6GetAccZWithoutGravity
                        0x08006cc9     0x12  Code  Gb  sensfusion6.o [1]
sensfusion6GetEulerRPY  0x08006bc5    0x104  Code  Gb  sensfusion6.o [1]
sensfusion6GetInvThrustCompensationForTilt
                        0x08006cdb      0x8  Code  Gb  sensfusion6.o [1]
sensfusion6Init         0x080067fd     0x14  Code  Gb  sensfusion6.o [1]
sensfusion6Test         0x08006811      0x8  Code  Gb  sensfusion6.o [1]
sensfusion6UpdateQ      0x08006819     0x62  Code  Gb  sensfusion6.o [1]
sensfusion6UpdateQImpl  0x0800687d    0x33e  Code  Lc  sensfusion6.o [1]
sensorData              0x20014a24     0x40  Data  Gb  stabilizer.o [1]
sensorsAcquire          0x08005671     0x52  Code  Gb  sensors.o [1]
sensorsAreCalibrated    0x080056c9     0x10  Code  Gb  sensors.o [1]
sensorsInit             0x08005659      0x8  Code  Gb  sensors.o [1]
sensorsTest             0x08005661     0x10  Code  Gb  sensors.o [1]
seq_alive               0x200002fc     0x18  Data  Gb  LedSeq.o [1]
seq_armed               0x200002cc     0x18  Data  Gb  LedSeq.o [1]
seq_bootloader          0x20000344     0x18  Data  Gb  LedSeq.o [1]
seq_calibrated          0x200002e4     0x18  Data  Gb  LedSeq.o [1]
seq_charged             0x200003ac     0x10  Data  Gb  LedSeq.o [1]
seq_charging            0x2000032c     0x18  Data  Gb  LedSeq.o [1]
seq_linkup              0x20000314     0x18  Data  Gb  LedSeq.o [1]
seq_lowbat              0x2000039c     0x10  Data  Gb  LedSeq.o [1]
seq_testPassed          0x2000017c     0x78  Data  Gb  LedSeq.o [1]
sequences               0x200002a8     0x24  Data  Lc  LedSeq.o [1]
setpoint                0x200148d0     0x4c  Data  Gb  stabilizer.o [1]
sinPitch                0x20014db4      0x4  Data  Lc  IMU.o [1]
sinRoll                 0x20014dbc      0x4  Data  Lc  IMU.o [1]
sinf                    0x08005f67      0x6  Code  Gb  sinf.o [4]
sitAwPostStateUpdateCallOut
                        0x08005b1d      0x2  Code  Lc  sitaw.o [1]
sitAwPreThrustUpdateCallOut
                        0x08005b1f      0x2  Code  Lc  sitaw.o [1]
sitAwUpdateSetpoint     0x08005b21     0x14  Code  Gb  sitaw.o [1]
stabilizationModePitch  0x2000040d      0x1  Data  Lc  commander.o [1]
stabilizationModeRoll   0x2000040c      0x1  Data  Lc  commander.o [1]
stabilizerInit          0x080046b9     0x3c  Code  Gb  stabilizer.o [1]
stabilizerTask          0x08004719     0x80  Code  Lc  stabilizer.o [1]
stabilizerTest          0x080046f5     0x22  Code  Gb  stabilizer.o [1]
state                   0x2001491c     0x48  Data  Lc  LedSeq.o [1]
state                   0x2000035c     0x18  Data  Lc  position_estimator_altitude.o [1]
state                   0x20014df0      0x4  Data  Lc  RadioLink.o [1]
stateController         0x080057a1    0x1bc  Code  Gb  controller_pid.o [1]
stateControllerInit     0x08005789      0x8  Code  Gb  controller_pid.o [1]
stateControllerTest     0x08005791     0x10  Code  Gb  controller_pid.o [1]
stateEstimator          0x080056f1     0x8e  Code  Gb  estimator_complementary.o [1]
stateEstimatorInit      0x080056d9      0x8  Code  Gb  estimator_complementary.o [1]
stateEstimatorTest      0x080056e1     0x10  Code  Gb  estimator_complementary.o [1]
strchr                  0x0800136d           Code  Gb  strchr.o [5]
strlen                  0x08001385           Code  Gb  strlen.o [5]
systemInit              0x08003f3f     0x38  Code  Lc  system.o [1]
systemLaunch            0x08003f21     0x1e  Code  Gb  system.o [1]
systemStart             0x08003fd7     0x12  Code  Lc  system.o [1]
systemTask              0x08003f91     0x46  Code  Lc  system.o [1]
systemTest              0x08003f77     0x18  Code  Lc  system.o [1]
systemWaitStart         0x08003fe9     0x32  Code  Gb  system.o [1]
tempDeltaT              0x20014dcc      0x4  Data  Lc  ms5611.o [1]
testsound               0x08009edc      0x8  Data  Lc  Motors.o [1]
this                    0x20000000     0xf4  Data  Lc  position_controller_pid.o [1]
thrustLocked            0x20014e80      0x1  Data  Lc  commander.o [1]
tiltCompensationEnabled
                        0x2000040f      0x1  Data  Lc  controller_pid.o [1]
timer                   0x20014d80      0x8  Data  Lc  LedSeq.o [1]
twoKi                   0x200003f8      0x4  Data  Gb  sensfusion6.o [1]
twoKp                   0x200003f4      0x4  Data  Gb  sensfusion6.o [1]
txQueue                 0x20014de4      0x4  Data  Lc  RadioLink.o [1]
ucHeap                  0x20000410  0x12c00  Data  Lc  heap_2.o [1]
ucMaxSysCallPriority    0x20014e8d      0x1  Data  Lc  port.o [1]
ulMaxPRIGROUPValue      0x20014ddc      0x4  Data  Lc  port.o [1]
uxCriticalNesting       0x200003ec      0x4  Data  Lc  port.o [1]
uxCurrentNumberOfTasks  0x20014e34      0x4  Data  Lc  tasks.o [1]
uxDeletedTasksWaitingCleanUp
                        0x20014e30      0x4  Data  Lc  tasks.o [1]
uxListRemove            0x08002e99     0x26  Code  Gb  list.o [1]
uxPendedTicks           0x20014e44      0x4  Data  Lc  tasks.o [1]
uxQueueMessagesWaiting  0x08003ca9     0x26  Code  Gb  queue.o [1]
uxSchedulerSuspended    0x20014e5c      0x4  Data  Lc  tasks.o [1]
uxTaskNumber            0x20014e50      0x4  Data  Lc  tasks.o [1]
uxTopReadyPriority      0x20014e3c      0x4  Data  Lc  tasks.o [1]
vApplicationIdleHook    0x080035d5      0x2  Code  Gb  main.o [1]
vApplicationMallocFailedHook
                        0x080035c5     0x10  Code  Gb  main.o [1]
vApplicationStackOverflowHook
                        0x080035d7     0x10  Code  Gb  main.o [1]
vApplicationTickHook    0x080035c3      0x2  Code  Gb  main.o [1]
vListInitialise         0x08002e27     0x1e  Code  Gb  list.o [1]
vListInitialiseItem     0x08002e45      0x6  Code  Gb  list.o [1]
vListInsert             0x08002e63     0x36  Code  Gb  list.o [1]
vListInsertEnd          0x08002e4b     0x18  Code  Gb  list.o [1]
vPortEnableVFP          0x08003675           Code  Gb  portasm.o [1]
vPortEnterCritical      0x08002fdf     0x3a  Code  Gb  port.o [1]
vPortExitCritical       0x08003019     0x32  Code  Gb  port.o [1]
vPortFree               0x08002d41     0x3c  Code  Gb  heap_2.o [1]
vPortSetupTimerInterrupt
                        0x08003073     0x1a  Code  Wk  port.o [1]
vPortStartFirstTask     0x0800365d           Code  Gb  portasm.o [1]
vPortValidateInterruptPriority
                        0x0800308d     0x4a  Code  Gb  port.o [1]
vQueueAddToRegistry     0x08003e27     0x24  Code  Gb  queue.o [1]
vQueueWaitForMessageRestricted
                        0x08003e55     0x4a  Code  Gb  queue.o [1]
vTaskDelay              0x0800236f     0x4c  Code  Gb  tasks.o [1]
vTaskDelayUntil         0x080022cd     0xa2  Code  Gb  tasks.o [1]
vTaskMissedYield        0x080028d7      0xa  Code  Gb  tasks.o [1]
vTaskPlaceOnEventList   0x08002721     0x2e  Code  Gb  tasks.o [1]
vTaskPlaceOnEventListRestricted
                        0x08002761     0x38  Code  Gb  tasks.o [1]
vTaskPriorityInherit    0x08002a2d     0xa8  Code  Gb  tasks.o [1]
vTaskSetApplicationTaskTag
                        0x08002663     0x1e  Code  Gb  tasks.o [1]
vTaskSetTimeOutState    0x08002829     0x26  Code  Gb  tasks.o [1]
vTaskStartScheduler     0x080023bb     0x6e  Code  Gb  tasks.o [1]
vTaskSuspendAll         0x08002429     0x10  Code  Gb  tasks.o [1]
vTaskSwitchContext      0x08002681     0xa0  Code  Gb  tasks.o [1]
varianceSampleTime      0x20014dac      0x4  Data  Lc  IMU.o [1]
xActiveTimerList1       0x20014cc4     0x14  Data  Lc  timers.o [1]
xActiveTimerList2       0x20014cd8     0x14  Data  Lc  timers.o [1]
xDelayedTaskList1       0x20014c60     0x14  Data  Lc  tasks.o [1]
xDelayedTaskList2       0x20014c74     0x14  Data  Lc  tasks.o [1]
xEnd                    0x20014d58      0x8  Data  Lc  heap_2.o [1]
xFreeBytesRemaining     0x200003e8      0x4  Data  Lc  heap_2.o [1]
xIdleTaskHandle         0x20014e58      0x4  Data  Lc  tasks.o [1]
xNextTaskUnblockTime    0x20014e54      0x4  Data  Lc  tasks.o [1]
xNumOfOverflows         0x20014e4c      0x4  Data  Lc  tasks.o [1]
xPendingReadyList       0x20014c88     0x14  Data  Lc  tasks.o [1]
xPortStartScheduler     0x08002f13     0xcc  Code  Gb  port.o [1]
xQueueCreateMutex       0x080037ad     0x1c  Code  Gb  queue.o [1]
xQueueGenericCreate     0x08003723     0x4a  Code  Gb  queue.o [1]
xQueueGenericReceive    0x08003aeb    0x1be  Code  Gb  queue.o [1]
xQueueGenericReset      0x08003691     0x92  Code  Gb  queue.o [1]
xQueueGenericSend       0x080037c9    0x196  Code  Gb  queue.o [1]
xQueueGenericSendFromISR
                        0x0800395f     0xd8  Code  Gb  queue.o [1]
xQueueGiveFromISR       0x08003a37     0xb4  Code  Gb  queue.o [1]
xQueueRegistry          0x200149e4     0x40  Data  Gb  queue.o [1]
xSchedulerRunning       0x20014e40      0x4  Data  Lc  tasks.o [1]
xStart                  0x20014d50      0x8  Data  Lc  heap_2.o [1]
xSuspendedTaskList      0x20014cb0     0x14  Data  Lc  tasks.o [1]
xTaskCheckForTimeOut    0x08002855     0x82  Code  Gb  tasks.o [1]
xTaskCreate             0x080020e1     0x76  Code  Gb  tasks.o [1]
xTaskGetSchedulerState  0x08002a0d     0x20  Code  Gb  tasks.o [1]
xTaskGetTickCount       0x08002533      0x8  Code  Gb  tasks.o [1]
xTaskIncrementTick      0x0800253b    0x128  Code  Gb  tasks.o [1]
xTaskPriorityDisinherit
                        0x08002ad5     0xb2  Code  Gb  tasks.o [1]
xTaskRemoveFromEventList
                        0x080027a1     0x82  Code  Gb  tasks.o [1]
xTaskResumeAll          0x08002439     0xfa  Code  Gb  tasks.o [1]
xTasksWaitingTermination
                        0x20014c9c     0x14  Data  Lc  tasks.o [1]
xTickCount              0x20014e38      0x4  Data  Lc  tasks.o [1]
xTimerCreate            0x0800315d     0x34  Code  Gb  timers.o [1]
xTimerCreateTimerTask   0x08003115     0x48  Code  Gb  timers.o [1]
xTimerGenericCommand    0x080031e1     0x6e  Code  Gb  timers.o [1]
xTimerQueue             0x20014e68      0x4  Data  Lc  timers.o [1]
xTimerTaskHandle        0x20014e6c      0x4  Data  Lc  timers.o [1]
xYieldPending           0x20014e48      0x4  Data  Lc  tasks.o [1]
yawMode                 0x2000040e      0x1  Data  Lc  commander.o [1]
yawModeUpdate           0x080053e5     0x26  Code  Lc  commander.o [1]
yawOutput               0x20014e7c      0x2  Data  Gb  attitude_pid_controller.o [1]


[1] = F:\朱国华\boot\FlightControllerFreeRTOS\Debug\Obj
[2] = command line
[3] = dl7M_tlf.a
[4] = m7M_tls.a
[5] = rt7M_tl.a
[6] = shb_l.a

   40 446 bytes of readonly  code memory
    1 102 bytes of readonly  data memory
  102 036 bytes of readwrite data memory

Errors: none
Warnings: none
